Archive member included to satisfy reference by file (symbol)

d:/truestudio for stm32 9.0.1/armtools/bin/../lib/gcc/arm-atollic-eabi/6.3.1/../../../../arm-atollic-eabi/lib/armv7e-m/fpu\libc_nano.a(lib_a-atoi.o)
                              Middlewares\Third_Party\LwIP\src\api\netdb.o (atoi)
d:/truestudio for stm32 9.0.1/armtools/bin/../lib/gcc/arm-atollic-eabi/6.3.1/../../../../arm-atollic-eabi/lib/armv7e-m/fpu\libc_nano.a(lib_a-init.o)
                              startup\startup_stm32f407xx.o (__libc_init_array)
d:/truestudio for stm32 9.0.1/armtools/bin/../lib/gcc/arm-atollic-eabi/6.3.1/../../../../arm-atollic-eabi/lib/armv7e-m/fpu\libc_nano.a(lib_a-itoa.o)
                              Src\ethernetif.o (itoa)
d:/truestudio for stm32 9.0.1/armtools/bin/../lib/gcc/arm-atollic-eabi/6.3.1/../../../../arm-atollic-eabi/lib/armv7e-m/fpu\libc_nano.a(lib_a-memcmp.o)
                              Middlewares\Third_Party\LwIP\src\netif\ethernet.o (memcmp)
d:/truestudio for stm32 9.0.1/armtools/bin/../lib/gcc/arm-atollic-eabi/6.3.1/../../../../arm-atollic-eabi/lib/armv7e-m/fpu\libc_nano.a(lib_a-memcpy-stub.o)
                              Middlewares\Third_Party\FreeRTOS\Source\queue.o (memcpy)
d:/truestudio for stm32 9.0.1/armtools/bin/../lib/gcc/arm-atollic-eabi/6.3.1/../../../../arm-atollic-eabi/lib/armv7e-m/fpu\libc_nano.a(lib_a-memset.o)
                              Middlewares\Third_Party\FreeRTOS\Source\tasks.o (memset)
d:/truestudio for stm32 9.0.1/armtools/bin/../lib/gcc/arm-atollic-eabi/6.3.1/../../../../arm-atollic-eabi/lib/armv7e-m/fpu\libc_nano.a(lib_a-printf.o)
                              Middlewares\Third_Party\LwIP\src\api\api_lib.o (printf)
d:/truestudio for stm32 9.0.1/armtools/bin/../lib/gcc/arm-atollic-eabi/6.3.1/../../../../arm-atollic-eabi/lib/armv7e-m/fpu\libc_nano.a(lib_a-rand.o)
                              Middlewares\Third_Party\LwIP\src\core\dns.o (rand)
d:/truestudio for stm32 9.0.1/armtools/bin/../lib/gcc/arm-atollic-eabi/6.3.1/../../../../arm-atollic-eabi/lib/armv7e-m/fpu\libc_nano.a(lib_a-sprintf.o)
                              Middlewares\Third_Party\FreeRTOS\Source\tasks.o (sprintf)
d:/truestudio for stm32 9.0.1/armtools/bin/../lib/gcc/arm-atollic-eabi/6.3.1/../../../../arm-atollic-eabi/lib/armv7e-m/fpu\libc_nano.a(lib_a-strcpy.o)
                              Middlewares\Third_Party\FreeRTOS\Source\tasks.o (strcpy)
d:/truestudio for stm32 9.0.1/armtools/bin/../lib/gcc/arm-atollic-eabi/6.3.1/../../../../arm-atollic-eabi/lib/armv7e-m/fpu\libc_nano.a(lib_a-strlen.o)
                              Middlewares\Third_Party\FreeRTOS\Source\tasks.o (strlen)
d:/truestudio for stm32 9.0.1/armtools/bin/../lib/gcc/arm-atollic-eabi/6.3.1/../../../../arm-atollic-eabi/lib/armv7e-m/fpu\libc_nano.a(lib_a-strncmp.o)
                              Middlewares\Third_Party\LwIP\src\core\def.o (strncmp)
d:/truestudio for stm32 9.0.1/armtools/bin/../lib/gcc/arm-atollic-eabi/6.3.1/../../../../arm-atollic-eabi/lib/armv7e-m/fpu\libc_nano.a(lib_a-strncpy.o)
                              Middlewares\Third_Party\LwIP\src\api\netdb.o (strncpy)
d:/truestudio for stm32 9.0.1/armtools/bin/../lib/gcc/arm-atollic-eabi/6.3.1/../../../../arm-atollic-eabi/lib/armv7e-m/fpu\libc_nano.a(lib_a-strtol.o)
                              d:/truestudio for stm32 9.0.1/armtools/bin/../lib/gcc/arm-atollic-eabi/6.3.1/../../../../arm-atollic-eabi/lib/armv7e-m/fpu\libc_nano.a(lib_a-atoi.o) (_strtol_r)
d:/truestudio for stm32 9.0.1/armtools/bin/../lib/gcc/arm-atollic-eabi/6.3.1/../../../../arm-atollic-eabi/lib/armv7e-m/fpu\libc_nano.a(lib_a-utoa.o)
                              d:/truestudio for stm32 9.0.1/armtools/bin/../lib/gcc/arm-atollic-eabi/6.3.1/../../../../arm-atollic-eabi/lib/armv7e-m/fpu\libc_nano.a(lib_a-itoa.o) (__utoa)
d:/truestudio for stm32 9.0.1/armtools/bin/../lib/gcc/arm-atollic-eabi/6.3.1/../../../../arm-atollic-eabi/lib/armv7e-m/fpu\libc_nano.a(lib_a-findfp.o)
                              d:/truestudio for stm32 9.0.1/armtools/bin/../lib/gcc/arm-atollic-eabi/6.3.1/../../../../arm-atollic-eabi/lib/armv7e-m/fpu\libc_nano.a(lib_a-printf.o) (__sinit)
d:/truestudio for stm32 9.0.1/armtools/bin/../lib/gcc/arm-atollic-eabi/6.3.1/../../../../arm-atollic-eabi/lib/armv7e-m/fpu\libc_nano.a(lib_a-fwalk.o)
                              d:/truestudio for stm32 9.0.1/armtools/bin/../lib/gcc/arm-atollic-eabi/6.3.1/../../../../arm-atollic-eabi/lib/armv7e-m/fpu\libc_nano.a(lib_a-findfp.o) (_fwalk)
d:/truestudio for stm32 9.0.1/armtools/bin/../lib/gcc/arm-atollic-eabi/6.3.1/../../../../arm-atollic-eabi/lib/armv7e-m/fpu\libc_nano.a(lib_a-impure.o)
                              d:/truestudio for stm32 9.0.1/armtools/bin/../lib/gcc/arm-atollic-eabi/6.3.1/../../../../arm-atollic-eabi/lib/armv7e-m/fpu\libc_nano.a(lib_a-findfp.o) (_global_impure_ptr)
[...]
Memory Configuration

Name             Origin             Length             Attributes
RAM              0x20000000         0x00020000         xrw
CCMRAM           0x10000000         0x00010000         rw
FLASH            0x08000000         0x00080000         xr
*default*        0x00000000         0xffffffff

Linker script and memory map

LOAD d:/truestudio for stm32 9.0.1/armtools/bin/../lib/gcc/arm-atollic-eabi/6.3.1/armv7e-m/fpu/crti.o
LOAD d:/truestudio for stm32 9.0.1/armtools/bin/../lib/gcc/arm-atollic-eabi/6.3.1/armv7e-m/fpu/crtbegin.o
LOAD Drivers\STM32F4xx_HAL_Driver\Src\stm32f4xx_hal.o
LOAD Drivers\STM32F4xx_HAL_Driver\Src\stm32f4xx_hal_cortex.o
LOAD Drivers\STM32F4xx_HAL_Driver\Src\stm32f4xx_hal_dma.o
LOAD Drivers\STM32F4xx_HAL_Driver\Src\stm32f4xx_hal_dma_ex.o
LOAD Drivers\STM32F4xx_HAL_Driver\Src\stm32f4xx_hal_eth.o
LOAD Drivers\STM32F4xx_HAL_Driver\Src\stm32f4xx_hal_flash.o
LOAD Drivers\STM32F4xx_HAL_Driver\Src\stm32f4xx_hal_flash_ex.o
LOAD Drivers\STM32F4xx_HAL_Driver\Src\stm32f4xx_hal_flash_ramfunc.o
LOAD Drivers\STM32F4xx_HAL_Driver\Src\stm32f4xx_hal_gpio.o
LOAD Drivers\STM32F4xx_HAL_Driver\Src\stm32f4xx_hal_pwr.o
LOAD Drivers\STM32F4xx_HAL_Driver\Src\stm32f4xx_hal_pwr_ex.o
LOAD Drivers\STM32F4xx_HAL_Driver\Src\stm32f4xx_hal_rcc.o
LOAD Drivers\STM32F4xx_HAL_Driver\Src\stm32f4xx_hal_rcc_ex.o
LOAD Drivers\STM32F4xx_HAL_Driver\Src\stm32f4xx_hal_tim.o
LOAD Drivers\STM32F4xx_HAL_Driver\Src\stm32f4xx_hal_tim_ex.o
LOAD Drivers\STM32F4xx_HAL_Driver\Src\stm32f4xx_ll_adc.o
LOAD Drivers\STM32F4xx_HAL_Driver\Src\stm32f4xx_ll_dma.o
LOAD Drivers\STM32F4xx_HAL_Driver\Src\stm32f4xx_ll_exti.o
LOAD Drivers\STM32F4xx_HAL_Driver\Src\stm32f4xx_ll_gpio.o
LOAD Drivers\STM32F4xx_HAL_Driver\Src\stm32f4xx_ll_i2c.o
LOAD Drivers\STM32F4xx_HAL_Driver\Src\stm32f4xx_ll_pwr.o
LOAD Drivers\STM32F4xx_HAL_Driver\Src\stm32f4xx_ll_rcc.o
LOAD Drivers\STM32F4xx_HAL_Driver\Src\stm32f4xx_ll_spi.o
LOAD Drivers\STM32F4xx_HAL_Driver\Src\stm32f4xx_ll_tim.o
LOAD Drivers\STM32F4xx_HAL_Driver\Src\stm32f4xx_ll_usart.o
LOAD Drivers\STM32F4xx_HAL_Driver\Src\stm32f4xx_ll_usb.o
LOAD Drivers\STM32F4xx_HAL_Driver\Src\stm32f4xx_ll_utils.o
LOAD Middlewares\Third_Party\FreeRTOS\Source\CMSIS_RTOS\cmsis_os.o
LOAD Middlewares\Third_Party\FreeRTOS\Source\croutine.o
LOAD Middlewares\Third_Party\FreeRTOS\Source\event_groups.o
LOAD Middlewares\Third_Party\FreeRTOS\Source\list.o
LOAD Middlewares\Third_Party\FreeRTOS\Source\portable\GCC\ARM_CM4F\port.o
LOAD Middlewares\Third_Party\FreeRTOS\Source\portable\MemMang\heap_4.o
LOAD Middlewares\Third_Party\FreeRTOS\Source\queue.o
LOAD Middlewares\Third_Party\FreeRTOS\Source\tasks.o
LOAD Middlewares\Third_Party\FreeRTOS\Source\timers.o
LOAD Middlewares\Third_Party\LwIP\src\api\api_lib.o
LOAD Middlewares\Third_Party\LwIP\src\api\api_msg.o
LOAD Middlewares\Third_Party\LwIP\src\api\err.o
LOAD Middlewares\Third_Party\LwIP\src\api\netbuf.o
LOAD Middlewares\Third_Party\LwIP\src\api\netdb.o
LOAD Middlewares\Third_Party\LwIP\src\api\netifapi.o
LOAD Middlewares\Third_Party\LwIP\src\api\sockets.o
LOAD Middlewares\Third_Party\LwIP\src\api\tcpip.o
LOAD Middlewares\Third_Party\LwIP\src\apps\mqtt\mqtt.o
LOAD Middlewares\Third_Party\LwIP\src\core\def.o
LOAD Middlewares\Third_Party\LwIP\src\core\dns.o
LOAD Middlewares\Third_Party\LwIP\src\core\inet_chksum.o
LOAD Middlewares\Third_Party\LwIP\src\core\init.o
LOAD Middlewares\Third_Party\LwIP\src\core\ip.o
LOAD Middlewares\Third_Party\LwIP\src\core\ipv4\autoip.o
LOAD Middlewares\Third_Party\LwIP\src\core\ipv4\dhcp.o
LOAD Middlewares\Third_Party\LwIP\src\core\ipv4\etharp.o
LOAD Middlewares\Third_Party\LwIP\src\core\ipv4\icmp.o
LOAD Middlewares\Third_Party\LwIP\src\core\ipv4\igmp.o
LOAD Middlewares\Third_Party\LwIP\src\core\ipv4\ip4.o
LOAD Middlewares\Third_Party\LwIP\src\core\ipv4\ip4_addr.o
LOAD Middlewares\Third_Party\LwIP\src\core\ipv4\ip4_frag.o
LOAD Middlewares\Third_Party\LwIP\src\core\ipv6\dhcp6.o
LOAD Middlewares\Third_Party\LwIP\src\core\ipv6\ethip6.o
LOAD Middlewares\Third_Party\LwIP\src\core\ipv6\icmp6.o
LOAD Middlewares\Third_Party\LwIP\src\core\ipv6\inet6.o
LOAD Middlewares\Third_Party\LwIP\src\core\ipv6\ip6.o
LOAD Middlewares\Third_Party\LwIP\src\core\ipv6\ip6_addr.o
LOAD Middlewares\Third_Party\LwIP\src\core\ipv6\ip6_frag.o
LOAD Middlewares\Third_Party\LwIP\src\core\ipv6\mld6.o
LOAD Middlewares\Third_Party\LwIP\src\core\ipv6\nd6.o
LOAD Middlewares\Third_Party\LwIP\src\core\mem.o
LOAD Middlewares\Third_Party\LwIP\src\core\memp.o
LOAD Middlewares\Third_Party\LwIP\src\core\netif.o
LOAD Middlewares\Third_Party\LwIP\src\core\pbuf.o
LOAD Middlewares\Third_Party\LwIP\src\core\raw.o
LOAD Middlewares\Third_Party\LwIP\src\core\stats.o
LOAD Middlewares\Third_Party\LwIP\src\core\sys.o
LOAD Middlewares\Third_Party\LwIP\src\core\tcp.o
LOAD Middlewares\Third_Party\LwIP\src\core\tcp_in.o
LOAD Middlewares\Third_Party\LwIP\src\core\tcp_out.o
LOAD Middlewares\Third_Party\LwIP\src\core\timeouts.o
LOAD Middlewares\Third_Party\LwIP\src\core\udp.o
LOAD Middlewares\Third_Party\LwIP\src\netif\ethernet.o
LOAD Middlewares\Third_Party\LwIP\src\netif\lowpan6.o
LOAD Middlewares\Third_Party\LwIP\src\netif\ppp\auth.o
LOAD Middlewares\Third_Party\LwIP\src\netif\ppp\ccp.o
LOAD Middlewares\Third_Party\LwIP\src\netif\ppp\chap-md5.o
LOAD Middlewares\Third_Party\LwIP\src\netif\ppp\chap-new.o
LOAD Middlewares\Third_Party\LwIP\src\netif\ppp\chap_ms.o
LOAD Middlewares\Third_Party\LwIP\src\netif\ppp\demand.o
LOAD Middlewares\Third_Party\LwIP\src\netif\ppp\eap.o
LOAD Middlewares\Third_Party\LwIP\src\netif\ppp\ecp.o
LOAD Middlewares\Third_Party\LwIP\src\netif\ppp\eui64.o
LOAD Middlewares\Third_Party\LwIP\src\netif\ppp\fsm.o
LOAD Middlewares\Third_Party\LwIP\src\netif\ppp\ipcp.o
LOAD Middlewares\Third_Party\LwIP\src\netif\ppp\ipv6cp.o
LOAD Middlewares\Third_Party\LwIP\src\netif\ppp\lcp.o
LOAD Middlewares\Third_Party\LwIP\src\netif\ppp\magic.o
LOAD Middlewares\Third_Party\LwIP\src\netif\ppp\mppe.o
LOAD Middlewares\Third_Party\LwIP\src\netif\ppp\multilink.o
LOAD Middlewares\Third_Party\LwIP\src\netif\ppp\ppp.o
LOAD Middlewares\Third_Party\LwIP\src\netif\ppp\pppapi.o
LOAD Middlewares\Third_Party\LwIP\src\netif\ppp\pppcrypt.o
LOAD Middlewares\Third_Party\LwIP\src\netif\ppp\pppoe.o
LOAD Middlewares\Third_Party\LwIP\src\netif\ppp\pppol2tp.o
LOAD Middlewares\Third_Party\LwIP\src\netif\ppp\pppos.o
LOAD Middlewares\Third_Party\LwIP\src\netif\ppp\upap.o
LOAD Middlewares\Third_Party\LwIP\src\netif\ppp\utils.o
LOAD Middlewares\Third_Party\LwIP\src\netif\ppp\vj.o
LOAD Middlewares\Third_Party\LwIP\src\netif\slipif.o
LOAD Middlewares\Third_Party\LwIP\system\OS\sys_arch.o
LOAD Src\dma.o
LOAD Src\ethernetif.o
LOAD Src\freertos.o
LOAD Src\gpio.o
LOAD Src\lwip.o
LOAD Src\main.o
LOAD Src\stm32f4xx_hal_msp.o
LOAD Src\stm32f4xx_it.o
LOAD Src\syscalls.o
LOAD Src\system_stm32f4xx.o
LOAD Src\usart.o
LOAD User\Src\device.o
LOAD User\Src\eth_app.o
LOAD User\Src\flash.o
LOAD startup\startup_stm32f407xx.o
                0x00000080                malloc_getpagesize_P = 0x80
START GROUP
LOAD d:/truestudio for stm32 9.0.1/armtools/bin/../lib/gcc/arm-atollic-eabi/6.3.1/../../../../arm-atollic-eabi/lib/armv7e-m/fpu\libc_nano.a
LOAD d:/truestudio for stm32 9.0.1/armtools/bin/../lib/gcc/arm-atollic-eabi/6.3.1/../../../../arm-atollic-eabi/lib/armv7e-m/fpu\libm.a
END GROUP
START GROUP
LOAD d:/truestudio for stm32 9.0.1/armtools/bin/../lib/gcc/arm-atollic-eabi/6.3.1/armv7e-m/fpu\libgcc.a
LOAD d:/truestudio for stm32 9.0.1/armtools/bin/../lib/gcc/arm-atollic-eabi/6.3.1/../../../../arm-atollic-eabi/lib/armv7e-m/fpu\libc_nano.a
END GROUP
START GROUP
LOAD d:/truestudio for stm32 9.0.1/armtools/bin/../lib/gcc/arm-atollic-eabi/6.3.1/armv7e-m/fpu\libgcc.a
LOAD d:/truestudio for stm32 9.0.1/armtools/bin/../lib/gcc/arm-atollic-eabi/6.3.1/../../../../arm-atollic-eabi/lib/armv7e-m/fpu\libc_nano.a
LOAD d:/truestudio for stm32 9.0.1/armtools/bin/../lib/gcc/arm-atollic-eabi/6.3.1/../../../../arm-atollic-eabi/lib/armv7e-m/fpu\libnosys.a
END GROUP
START GROUP
LOAD d:/truestudio for stm32 9.0.1/armtools/bin/../lib/gcc/arm-atollic-eabi/6.3.1/armv7e-m/fpu\libgcc.a
LOAD d:/truestudio for stm32 9.0.1/armtools/bin/../lib/gcc/arm-atollic-eabi/6.3.1/../../../../arm-atollic-eabi/lib/armv7e-m/fpu\libc_nano.a
LOAD d:/truestudio for stm32 9.0.1/armtools/bin/../lib/gcc/arm-atollic-eabi/6.3.1/../../../../arm-atollic-eabi/lib/armv7e-m/fpu\libnosys.a
END GROUP
LOAD d:/truestudio for stm32 9.0.1/armtools/bin/../lib/gcc/arm-atollic-eabi/6.3.1/armv7e-m/fpu/crtend.o
LOAD d:/truestudio for stm32 9.0.1/armtools/bin/../lib/gcc/arm-atollic-eabi/6.3.1/armv7e-m/fpu/crtn.o
                0x20020000                _estack = 0x20020000
                0x00000200                _Min_Heap_Size = 0x200
                0x00000400                _Min_Stack_Size = 0x400

.isr_vector     0x08000000      0x188
                0x08000000                . = ALIGN (0x4)
 *(.isr_vector)
 .isr_vector    0x08000000      0x188 startup\startup_stm32f407xx.o
                0x08000000                g_pfnVectors
                0x08000188                . = ALIGN (0x4)

.text           0x08000190     0xed4c
                0x08000190                . = ALIGN (0x4)
 *(.text)
 .text          0x08000190       0x40 d:/truestudio for stm32 9.0.1/armtools/bin/../lib/gcc/arm-atollic-eabi/6.3.1/armv7e-m/fpu/crtbegin.o
 .text          0x080001d0       0x10 d:/truestudio for stm32 9.0.1/armtools/bin/../lib/gcc/arm-atollic-eabi/6.3.1/../../../../arm-atollic-eabi/lib/armv7e-m/fpu\libc_nano.a(lib_a-strlen.o)
                0x080001d0                strlen
 .text          0x080001e0       0xa0 d:/truestudio for stm32 9.0.1/armtools/bin/../lib/gcc/arm-atollic-eabi/6.3.1/../../../../arm-atollic-eabi/lib/armv7e-m/fpu\libc_nano.a(lib_a-memchr.o)
                0x080001e0                memchr
 *(.text*)
 .text.HAL_InitTick
                0x08000280       0x48 Drivers\STM32F4xx_HAL_Driver\Src\stm32f4xx_hal.o
                0x08000280                HAL_InitTick
 .text.HAL_Init
                0x080002c8       0x34 Drivers\STM32F4xx_HAL_Driver\Src\stm32f4xx_hal.o
                0x080002c8                HAL_Init
 .text.HAL_IncTick
                0x080002fc       0x18 Drivers\STM32F4xx_HAL_Driver\Src\stm32f4xx_hal.o
                0x080002fc                HAL_IncTick
 .text.HAL_GetTick
                0x08000314        0xc Drivers\STM32F4xx_HAL_Driver\Src\stm32f4xx_hal.o
                0x08000314                HAL_GetTick
 .text.HAL_Delay
                0x08000320       0x28 Drivers\STM32F4xx_HAL_Driver\Src\stm32f4xx_hal.o
                0x08000320                HAL_Delay
 .text.HAL_NVIC_SetPriorityGrouping
                0x08000348       0x24 Drivers\STM32F4xx_HAL_Driver\Src\stm32f4xx_hal_cortex.o
                0x08000348                HAL_NVIC_SetPriorityGrouping
 .text.HAL_NVIC_SetPriority
                0x0800036c       0x68 Drivers\STM32F4xx_HAL_Driver\Src\stm32f4xx_hal_cortex.o
                0x0800036c                HAL_NVIC_SetPriority
 .text.HAL_NVIC_EnableIRQ
                0x080003d4       0x18 Drivers\STM32F4xx_HAL_Driver\Src\stm32f4xx_hal_cortex.o
                0x080003d4                HAL_NVIC_EnableIRQ
 .text.HAL_SYSTICK_Config
                0x080003ec       0x2c Drivers\STM32F4xx_HAL_Driver\Src\stm32f4xx_hal_cortex.o
                0x080003ec                HAL_SYSTICK_Config
 .text.ETH_Delay.constprop.4
                0x08000418       0x24 Drivers\STM32F4xx_HAL_Driver\Src\stm32f4xx_hal_eth.o
 .text.ETH_FlushTransmitFIFO
                0x0800043c       0x28 Drivers\STM32F4xx_HAL_Driver\Src\stm32f4xx_hal_eth.o
 .text.ETH_MACDMAConfig
                0x08000464       0xf8 Drivers\STM32F4xx_HAL_Driver\Src\stm32f4xx_hal_eth.o
 .text.HAL_ETH_DMATxDescListInit
                0x0800055c       0x7a Drivers\STM32F4xx_HAL_Driver\Src\stm32f4xx_hal_eth.o
                0x0800055c                HAL_ETH_DMATxDescListInit
 .text.HAL_ETH_DMARxDescListInit
                0x080005d6       0x78 Drivers\STM32F4xx_HAL_Driver\Src\stm32f4xx_hal_eth.o
                0x080005d6                HAL_ETH_DMARxDescListInit
 *fill*         0x0800064e        0x2 
 .text.HAL_ETH_TransmitFrame
                0x08000650       0xe8 Drivers\STM32F4xx_HAL_Driver\Src\stm32f4xx_hal_eth.o
                0x08000650                HAL_ETH_TransmitFrame
 .text.HAL_ETH_GetReceivedFrame_IT
                0x08000738       0x8a Drivers\STM32F4xx_HAL_Driver\Src\stm32f4xx_hal_eth.o
                0x08000738                HAL_ETH_GetReceivedFrame_IT
 .text.HAL_ETH_TxCpltCallback
                0x080007c2        0x2 Drivers\STM32F4xx_HAL_Driver\Src\stm32f4xx_hal_eth.o
                0x080007c2                HAL_ETH_TxCpltCallback
 .text.HAL_ETH_ErrorCallback
                0x080007c4        0x2 Drivers\STM32F4xx_HAL_Driver\Src\stm32f4xx_hal_eth.o
                0x080007c4                HAL_ETH_ErrorCallback
 .text.HAL_ETH_IRQHandler
                0x080007c6       0x70 Drivers\STM32F4xx_HAL_Driver\Src\stm32f4xx_hal_eth.o
                0x080007c6                HAL_ETH_IRQHandler
 .text.HAL_ETH_ReadPHYRegister
                0x08000836       0x74 Drivers\STM32F4xx_HAL_Driver\Src\stm32f4xx_hal_eth.o
                0x08000836                HAL_ETH_ReadPHYRegister
 .text.HAL_ETH_WritePHYRegister
                0x080008aa       0x6e Drivers\STM32F4xx_HAL_Driver\Src\stm32f4xx_hal_eth.o
                0x080008aa                HAL_ETH_WritePHYRegister
 .text.HAL_ETH_Init
                0x08000918      0x1f8 Drivers\STM32F4xx_HAL_Driver\Src\stm32f4xx_hal_eth.o
                0x08000918                HAL_ETH_Init
 .text.HAL_ETH_Start
                0x08000b10       0x78 Drivers\STM32F4xx_HAL_Driver\Src\stm32f4xx_hal_eth.o
                0x08000b10                HAL_ETH_Start
 .text.HAL_ETH_Stop
                0x08000b88       0x78 Drivers\STM32F4xx_HAL_Driver\Src\stm32f4xx_hal_eth.o
                0x08000b88                HAL_ETH_Stop
 .text.HAL_ETH_ConfigMAC
                0x08000c00      0x118 Drivers\STM32F4xx_HAL_Driver\Src\stm32f4xx_hal_eth.o
                0x08000c00                HAL_ETH_ConfigMAC
 .text.HAL_GPIO_Init
                0x08000d18      0x1c0 Drivers\STM32F4xx_HAL_Driver\Src\stm32f4xx_hal_gpio.o
                0x08000d18                HAL_GPIO_Init
 .text.HAL_RCC_GetHCLKFreq
                0x08000ed8        0xc Drivers\STM32F4xx_HAL_Driver\Src\stm32f4xx_hal_rcc.o
                0x08000ed8                HAL_RCC_GetHCLKFreq
 .text.LL_GPIO_Init
                0x08000ee4      0x144 Drivers\STM32F4xx_HAL_Driver\Src\stm32f4xx_ll_gpio.o
                0x08000ee4                LL_GPIO_Init
 .text.RCC_GetHCLKClockFreq
                0x08001028       0x18 Drivers\STM32F4xx_HAL_Driver\Src\stm32f4xx_ll_rcc.o
                0x08001028                RCC_GetHCLKClockFreq
 .text.RCC_GetPCLK1ClockFreq
                0x08001040       0x18 Drivers\STM32F4xx_HAL_Driver\Src\stm32f4xx_ll_rcc.o
                0x08001040                RCC_GetPCLK1ClockFreq
 .text.RCC_GetPCLK2ClockFreq
                0x08001058       0x18 Drivers\STM32F4xx_HAL_Driver\Src\stm32f4xx_ll_rcc.o
                0x08001058                RCC_GetPCLK2ClockFreq
 .text.RCC_PLL_GetFreqDomain_SYS
                0x08001070       0x4c Drivers\STM32F4xx_HAL_Driver\Src\stm32f4xx_ll_rcc.o
                0x08001070                RCC_PLL_GetFreqDomain_SYS
 .text.RCC_GetSystemClockFreq
                0x080010bc       0x28 Drivers\STM32F4xx_HAL_Driver\Src\stm32f4xx_ll_rcc.o
                0x080010bc                RCC_GetSystemClockFreq
 .text.LL_RCC_GetSystemClocksFreq
                0x080010e4       0x20 Drivers\STM32F4xx_HAL_Driver\Src\stm32f4xx_ll_rcc.o
                0x080010e4                LL_RCC_GetSystemClocksFreq
 .text.LL_USART_Init
                0x08001104       0xf8 Drivers\STM32F4xx_HAL_Driver\Src\stm32f4xx_ll_usart.o
                0x08001104                LL_USART_Init
 .text.LL_Init1msTick
                0x080011fc       0x1c Drivers\STM32F4xx_HAL_Driver\Src\stm32f4xx_ll_utils.o
                0x080011fc                LL_Init1msTick
 .text.LL_SetSystemCoreClock
                0x08001218        0xc Drivers\STM32F4xx_HAL_Driver\Src\stm32f4xx_ll_utils.o
                0x08001218                LL_SetSystemCoreClock
 .text.osKernelStart
                0x08001224        0xa Middlewares\Third_Party\FreeRTOS\Source\CMSIS_RTOS\cmsis_os.o
                0x08001224                osKernelStart
 .text.osKernelSysTick
                0x0800122e        0xe Middlewares\Third_Party\FreeRTOS\Source\CMSIS_RTOS\cmsis_os.o
                0x0800122e                osKernelSysTick
 .text.osThreadCreate
                0x0800123c       0x30 Middlewares\Third_Party\FreeRTOS\Source\CMSIS_RTOS\cmsis_os.o
                0x0800123c                osThreadCreate
 .text.osDelay  0x0800126c       0x10 Middlewares\Third_Party\FreeRTOS\Source\CMSIS_RTOS\cmsis_os.o
                0x0800126c                osDelay
 .text.osMutexCreate
                0x0800127c        0x6 Middlewares\Third_Party\FreeRTOS\Source\CMSIS_RTOS\cmsis_os.o
                0x0800127c                osMutexCreate
 *fill*         0x08001282        0x2 
 .text.osMutexWait
                0x08001284       0x50 Middlewares\Third_Party\FreeRTOS\Source\CMSIS_RTOS\cmsis_os.o
                0x08001284                osMutexWait
 .text.osSemaphoreCreate
                0x080012d4       0x2a Middlewares\Third_Party\FreeRTOS\Source\CMSIS_RTOS\cmsis_os.o
                0x080012d4                osSemaphoreCreate
 *fill*         0x080012fe        0x2 
 .text.osSemaphoreWait
                0x08001300       0x50 Middlewares\Third_Party\FreeRTOS\Source\CMSIS_RTOS\cmsis_os.o
                0x08001300                osSemaphoreWait
 .text.osSemaphoreRelease
                0x08001350       0x48 Middlewares\Third_Party\FreeRTOS\Source\CMSIS_RTOS\cmsis_os.o
                0x08001350                osSemaphoreRelease
 .text.osMutexRelease
                0x08001398        0x4 Middlewares\Third_Party\FreeRTOS\Source\CMSIS_RTOS\cmsis_os.o
                0x08001398                osMutexRelease
 .text.osMessageCreate
                0x0800139c        0x8 Middlewares\Third_Party\FreeRTOS\Source\CMSIS_RTOS\cmsis_os.o
                0x0800139c                osMessageCreate
 .text.osMessagePut
                0x080013a4       0x50 Middlewares\Third_Party\FreeRTOS\Source\CMSIS_RTOS\cmsis_os.o
                0x080013a4                osMessagePut
 .text.osMessageGet
                0x080013f4       0x74 Middlewares\Third_Party\FreeRTOS\Source\CMSIS_RTOS\cmsis_os.o
                0x080013f4                osMessageGet
 .text.osSystickHandler
                0x08001468       0x14 Middlewares\Third_Party\FreeRTOS\Source\CMSIS_RTOS\cmsis_os.o
                0x08001468                osSystickHandler
 .text.osMessageWaiting
                0x0800147c        0xe Middlewares\Third_Party\FreeRTOS\Source\CMSIS_RTOS\cmsis_os.o
                0x0800147c                osMessageWaiting
 .text.osMessageDelete
                0x0800148a       0x14 Middlewares\Third_Party\FreeRTOS\Source\CMSIS_RTOS\cmsis_os.o
                0x0800148a                osMessageDelete
 .text.osSemaphoreDelete
                0x0800149e        0x4 Middlewares\Third_Party\FreeRTOS\Source\CMSIS_RTOS\cmsis_os.o
                0x0800149e                osSemaphoreDelete
 .text.vListInitialise
                0x080014a2       0x16 Middlewares\Third_Party\FreeRTOS\Source\list.o
                0x080014a2                vListInitialise
 .text.vListInitialiseItem
                0x080014b8        0x6 Middlewares\Third_Party\FreeRTOS\Source\list.o
                0x080014b8                vListInitialiseItem
 .text.vListInsertEnd
                0x080014be       0x18 Middlewares\Third_Party\FreeRTOS\Source\list.o
                0x080014be                vListInsertEnd
 .text.vListInsert
                0x080014d6       0x2e Middlewares\Third_Party\FreeRTOS\Source\list.o
                0x080014d6                vListInsert
 .text.uxListRemove
                0x08001504       0x20 Middlewares\Third_Party\FreeRTOS\Source\list.o
                0x08001504                uxListRemove
 .text.prvTaskExitError
                0x08001524       0x30 Middlewares\Third_Party\FreeRTOS\Source\portable\GCC\ARM_CM4F\port.o
 .text.prvPortStartFirstTask
                0x08001554       0x20 Middlewares\Third_Party\FreeRTOS\Source\portable\GCC\ARM_CM4F\port.o
 .text.vPortEnableVFP
                0x08001574       0x14 Middlewares\Third_Party\FreeRTOS\Source\portable\GCC\ARM_CM4F\port.o
 .text.pxPortInitialiseStack
                0x08001588       0x2c Middlewares\Third_Party\FreeRTOS\Source\portable\GCC\ARM_CM4F\port.o
                0x08001588                pxPortInitialiseStack
 *fill*         0x080015b4        0xc 
 .text.SVC_Handler
                0x080015c0       0x24 Middlewares\Third_Party\FreeRTOS\Source\portable\GCC\ARM_CM4F\port.o
                0x080015c0                SVC_Handler
 .text.vPortEnterCritical
                0x080015e4       0x44 Middlewares\Third_Party\FreeRTOS\Source\portable\GCC\ARM_CM4F\port.o
                0x080015e4                vPortEnterCritical
 .text.vPortExitCritical
                0x08001628       0x28 Middlewares\Third_Party\FreeRTOS\Source\portable\GCC\ARM_CM4F\port.o
                0x08001628                vPortExitCritical
 .text.PendSV_Handler
                0x08001650       0x64 Middlewares\Third_Party\FreeRTOS\Source\portable\GCC\ARM_CM4F\port.o
                0x08001650                PendSV_Handler
 .text.xPortSysTickHandler
                0x080016b4       0x2c Middlewares\Third_Party\FreeRTOS\Source\portable\GCC\ARM_CM4F\port.o
                0x080016b4                xPortSysTickHandler
 .text.vPortSetupTimerInterrupt
                0x080016e0       0x28 Middlewares\Third_Party\FreeRTOS\Source\portable\GCC\ARM_CM4F\port.o
                0x080016e0                vPortSetupTimerInterrupt
 .text.xPortStartScheduler
                0x08001708       0xec Middlewares\Third_Party\FreeRTOS\Source\portable\GCC\ARM_CM4F\port.o
                0x08001708                xPortStartScheduler
 .text.vPortValidateInterruptPriority
                0x080017f4       0x5c Middlewares\Third_Party\FreeRTOS\Source\portable\GCC\ARM_CM4F\port.o
                0x080017f4                vPortValidateInterruptPriority
 .text.unlikely.prvInsertBlockIntoFreeList
                0x08001850       0x48 Middlewares\Third_Party\FreeRTOS\Source\portable\MemMang\heap_4.o
 .text.pvPortMalloc
                0x08001898      0x11c Middlewares\Third_Party\FreeRTOS\Source\portable\MemMang\heap_4.o
                0x08001898                pvPortMalloc
 .text.vPortFree
                0x080019b4       0x70 Middlewares\Third_Party\FreeRTOS\Source\portable\MemMang\heap_4.o
                0x080019b4                vPortFree
 .text.unlikely.prvCopyDataToQueue
                0x08001a24       0x66 Middlewares\Third_Party\FreeRTOS\Source\queue.o
 .text.unlikely.prvCopyDataFromQueue
                0x08001a8a       0x2a Middlewares\Third_Party\FreeRTOS\Source\queue.o
 .text.prvUnlockQueue
                0x08001ab4       0x70 Middlewares\Third_Party\FreeRTOS\Source\queue.o
 .text.xQueueGenericReset
                0x08001b24       0x80 Middlewares\Third_Party\FreeRTOS\Source\queue.o
                0x08001b24                xQueueGenericReset
 .text.xQueueGenericCreate
                0x08001ba4       0x48 Middlewares\Third_Party\FreeRTOS\Source\queue.o
                0x08001ba4                xQueueGenericCreate
 .text.xQueueCreateCountingSemaphore
                0x08001bec       0x3c Middlewares\Third_Party\FreeRTOS\Source\queue.o
                0x08001bec                xQueueCreateCountingSemaphore
 .text.xQueueGenericSend
                0x08001c28      0x16c Middlewares\Third_Party\FreeRTOS\Source\queue.o
                0x08001c28                xQueueGenericSend
 .text.xQueueCreateMutex
                0x08001d94       0x24 Middlewares\Third_Party\FreeRTOS\Source\queue.o
                0x08001d94                xQueueCreateMutex
 .text.xQueueGenericSendFromISR
                0x08001db8       0xc4 Middlewares\Third_Party\FreeRTOS\Source\queue.o
                0x08001db8                xQueueGenericSendFromISR
 .text.xQueueGiveFromISR
                0x08001e7c       0xa8 Middlewares\Third_Party\FreeRTOS\Source\queue.o
                0x08001e7c                xQueueGiveFromISR
 .text.xQueueGenericReceive
                0x08001f24      0x188 Middlewares\Third_Party\FreeRTOS\Source\queue.o
                0x08001f24                xQueueGenericReceive
 .text.xQueueReceiveFromISR
                0x080020ac       0xa0 Middlewares\Third_Party\FreeRTOS\Source\queue.o
                0x080020ac                xQueueReceiveFromISR
 .text.uxQueueMessagesWaiting
                0x0800214c       0x26 Middlewares\Third_Party\FreeRTOS\Source\queue.o
                0x0800214c                uxQueueMessagesWaiting
 .text.uxQueueMessagesWaitingFromISR
                0x08002172       0x18 Middlewares\Third_Party\FreeRTOS\Source\queue.o
                0x08002172                uxQueueMessagesWaitingFromISR
 *fill*         0x0800218a        0x2 
 .text.vQueueAddToRegistry
                0x0800218c       0x24 Middlewares\Third_Party\FreeRTOS\Source\queue.o
                0x0800218c                vQueueAddToRegistry
 .text.vQueueUnregisterQueue
                0x080021b0       0x28 Middlewares\Third_Party\FreeRTOS\Source\queue.o
                0x080021b0                vQueueUnregisterQueue
 .text.vQueueDelete
                0x080021d8       0x26 Middlewares\Third_Party\FreeRTOS\Source\queue.o
                0x080021d8                vQueueDelete
 .text.vQueueWaitForMessageRestricted
                0x080021fe       0x46 Middlewares\Third_Party\FreeRTOS\Source\queue.o
                0x080021fe                vQueueWaitForMessageRestricted
 .text.prvResetNextTaskUnblockTime
                0x08002244       0x24 Middlewares\Third_Party\FreeRTOS\Source\tasks.o
 .text.prvAddCurrentTaskToDelayedList
                0x08002268       0x8c Middlewares\Third_Party\FreeRTOS\Source\tasks.o
 .text.vTaskSetTimeOutState.part.6
                0x080022f4       0x12 Middlewares\Third_Party\FreeRTOS\Source\tasks.o
 *fill*         0x08002306        0x2 
 .text.xTaskCreate
                0x08002308      0x1b0 Middlewares\Third_Party\FreeRTOS\Source\tasks.o
                0x08002308                xTaskCreate
 .text.vTaskStartScheduler
                0x080024b8       0x84 Middlewares\Third_Party\FreeRTOS\Source\tasks.o
                0x080024b8                vTaskStartScheduler
 .text.vTaskSuspendAll
                0x0800253c       0x10 Middlewares\Third_Party\FreeRTOS\Source\tasks.o
                0x0800253c                vTaskSuspendAll
 .text.xTaskGetTickCount
                0x0800254c        0xc Middlewares\Third_Party\FreeRTOS\Source\tasks.o
                0x0800254c                xTaskGetTickCount
 .text.xTaskGetTickCountFromISR
                0x08002558       0x10 Middlewares\Third_Party\FreeRTOS\Source\tasks.o
                0x08002558                xTaskGetTickCountFromISR
 .text.xTaskIncrementTick
                0x08002568      0x124 Middlewares\Third_Party\FreeRTOS\Source\tasks.o
                0x08002568                xTaskIncrementTick
 .text.xTaskResumeAll
                0x0800268c       0xf0 Middlewares\Third_Party\FreeRTOS\Source\tasks.o
                0x0800268c                xTaskResumeAll
 .text.vTaskDelay
                0x0800277c       0x48 Middlewares\Third_Party\FreeRTOS\Source\tasks.o
                0x0800277c                vTaskDelay
 .text.prvIdleTask
                0x080027c4       0x74 Middlewares\Third_Party\FreeRTOS\Source\tasks.o
 .text.vTaskSwitchContext
                0x08002838       0x90 Middlewares\Third_Party\FreeRTOS\Source\tasks.o
                0x08002838                vTaskSwitchContext
 .text.vTaskPlaceOnEventList
                0x080028c8       0x34 Middlewares\Third_Party\FreeRTOS\Source\tasks.o
                0x080028c8                vTaskPlaceOnEventList
 .text.vTaskPlaceOnEventListRestricted
                0x080028fc       0x3c Middlewares\Third_Party\FreeRTOS\Source\tasks.o
                0x080028fc                vTaskPlaceOnEventListRestricted
 .text.xTaskRemoveFromEventList
                0x08002938       0x84 Middlewares\Third_Party\FreeRTOS\Source\tasks.o
                0x08002938                xTaskRemoveFromEventList
 .text.vTaskSetTimeOutState
                0x080029bc       0x20 Middlewares\Third_Party\FreeRTOS\Source\tasks.o
                0x080029bc                vTaskSetTimeOutState
 .text.xTaskCheckForTimeOut
                0x080029dc       0x74 Middlewares\Third_Party\FreeRTOS\Source\tasks.o
                0x080029dc                xTaskCheckForTimeOut
 .text.vTaskMissedYield
                0x08002a50        0xc Middlewares\Third_Party\FreeRTOS\Source\tasks.o
                0x08002a50                vTaskMissedYield
 .text.xTaskGetSchedulerState
                0x08002a5c       0x20 Middlewares\Third_Party\FreeRTOS\Source\tasks.o
                0x08002a5c                xTaskGetSchedulerState
 .text.vTaskPriorityInherit
                0x08002a7c       0x8c Middlewares\Third_Party\FreeRTOS\Source\tasks.o
                0x08002a7c                vTaskPriorityInherit
 .text.xTaskPriorityDisinherit
                0x08002b08       0xa0 Middlewares\Third_Party\FreeRTOS\Source\tasks.o
                0x08002b08                xTaskPriorityDisinherit
 .text.pvTaskIncrementMutexHeldCount
                0x08002ba8       0x18 Middlewares\Third_Party\FreeRTOS\Source\tasks.o
                0x08002ba8                pvTaskIncrementMutexHeldCount
 .text.prvCheckForValidListAndQueue
                0x08002bc0       0x58 Middlewares\Third_Party\FreeRTOS\Source\timers.o
 .text.prvInsertTimerInActiveList
                0x08002c18       0x3c Middlewares\Third_Party\FreeRTOS\Source\timers.o
 .text.xTimerCreateTimerTask
                0x08002c54       0x4c Middlewares\Third_Party\FreeRTOS\Source\timers.o
                0x08002c54                xTimerCreateTimerTask
 .text.xTimerGenericCommand
                0x08002ca0       0x58 Middlewares\Third_Party\FreeRTOS\Source\timers.o
                0x08002ca0                xTimerGenericCommand
 .text.prvSwitchTimerLists
                0x08002cf8       0x7c Middlewares\Third_Party\FreeRTOS\Source\timers.o
 .text.prvTimerTask
                0x08002d74      0x1dc Middlewares\Third_Party\FreeRTOS\Source\timers.o
 .text.netconn_apimsg
                0x08002f50       0x14 Middlewares\Third_Party\LwIP\src\api\api_lib.o
 .text.netconn_close_shutdown
                0x08002f64       0x44 Middlewares\Third_Party\LwIP\src\api\api_lib.o
 .text.netconn_recv_data
                0x08002fa8      0x130 Middlewares\Third_Party\LwIP\src\api\api_lib.o
 .text.netconn_new_with_proto_and_callback
                0x080030d8       0xb4 Middlewares\Third_Party\LwIP\src\api\api_lib.o
                0x080030d8                netconn_new_with_proto_and_callback
 .text.netconn_delete
                0x0800318c       0x30 Middlewares\Third_Party\LwIP\src\api\api_lib.o
                0x0800318c                netconn_delete
 .text.netconn_getaddr
                0x080031bc       0x5c Middlewares\Third_Party\LwIP\src\api\api_lib.o
                0x080031bc                netconn_getaddr
 .text.netconn_bind
                0x08003218       0x48 Middlewares\Third_Party\LwIP\src\api\api_lib.o
                0x08003218                netconn_bind
 .text.netconn_connect
                0x08003260       0x4c Middlewares\Third_Party\LwIP\src\api\api_lib.o
                0x08003260                netconn_connect
 .text.netconn_listen_with_backlog
                0x080032ac       0x3c Middlewares\Third_Party\LwIP\src\api\api_lib.o
                0x080032ac                netconn_listen_with_backlog
 .text.netconn_accept
                0x080032e8       0xac Middlewares\Third_Party\LwIP\src\api\api_lib.o
                0x080032e8                netconn_accept
 .text.netconn_recv
                0x08003394       0xa0 Middlewares\Third_Party\LwIP\src\api\api_lib.o
                0x08003394                netconn_recv
 .text.netconn_write_partly
                0x08003434       0x94 Middlewares\Third_Party\LwIP\src\api\api_lib.o
                0x08003434                netconn_write_partly
 .text.netconn_close
                0x080034c8        0x6 Middlewares\Third_Party\LwIP\src\api\api_lib.o
                0x080034c8                netconn_close
 *fill*         0x080034ce        0x2 
 .text.netconn_gethostbyname
                0x080034d0       0x88 Middlewares\Third_Party\LwIP\src\api\api_lib.o
                0x080034d0                netconn_gethostbyname
 .text.recv_udp
                0x08003558       0xb0 Middlewares\Third_Party\LwIP\src\api\api_msg.o
 .text.setup_tcp
                0x08003608       0x44 Middlewares\Third_Party\LwIP\src\api\api_msg.o
 .text.err_tcp  0x0800364c      0x12c Middlewares\Third_Party\LwIP\src\api\api_msg.o
 .text.lwip_netconn_do_connected
                0x08003778       0xc8 Middlewares\Third_Party\LwIP\src\api\api_msg.o
 .text.lwip_netconn_do_dns_found
                0x08003840       0x1a Middlewares\Third_Party\LwIP\src\api\api_msg.o
 *fill*         0x0800385a        0x2 
 .text.lwip_netconn_do_writemore
                0x0800385c      0x204 Middlewares\Third_Party\LwIP\src\api\api_msg.o
 .text.lwip_netconn_do_close_internal
                0x08003a60      0x1fc Middlewares\Third_Party\LwIP\src\api\api_msg.o
 .text.poll_tcp
                0x08003c5c       0x7c Middlewares\Third_Party\LwIP\src\api\api_msg.o
 .text.recv_tcp
                0x08003cd8       0xc4 Middlewares\Third_Party\LwIP\src\api\api_msg.o
 .text.sent_tcp
                0x08003d9c       0x70 Middlewares\Third_Party\LwIP\src\api\api_msg.o
 .text.lwip_netconn_do_newconn
                0x08003e0c       0x80 Middlewares\Third_Party\LwIP\src\api\api_msg.o
                0x08003e0c                lwip_netconn_do_newconn
 .text.netconn_alloc
                0x08003e8c       0x94 Middlewares\Third_Party\LwIP\src\api\api_msg.o
                0x08003e8c                netconn_alloc
 .text.netconn_free
                0x08003f20       0x78 Middlewares\Third_Party\LwIP\src\api\api_msg.o
                0x08003f20                netconn_free
 .text.netconn_drain
                0x08003f98       0xa0 Middlewares\Third_Party\LwIP\src\api\api_msg.o
 .text.accept_function
                0x08004038       0xdc Middlewares\Third_Party\LwIP\src\api\api_msg.o
 .text.lwip_netconn_do_delconn
                0x08004114      0x130 Middlewares\Third_Party\LwIP\src\api\api_msg.o
                0x08004114                lwip_netconn_do_delconn
 .text.lwip_netconn_do_bind
                0x08004244       0x60 Middlewares\Third_Party\LwIP\src\api\api_msg.o
                0x08004244                lwip_netconn_do_bind
 .text.lwip_netconn_do_connect
                0x080042a4       0xf4 Middlewares\Third_Party\LwIP\src\api\api_msg.o
                0x080042a4                lwip_netconn_do_connect
 .text.lwip_netconn_do_listen
                0x08004398       0xdc Middlewares\Third_Party\LwIP\src\api\api_msg.o
                0x08004398                lwip_netconn_do_listen
 .text.lwip_netconn_do_recv
                0x08004474       0x56 Middlewares\Third_Party\LwIP\src\api\api_msg.o
                0x08004474                lwip_netconn_do_recv
 *fill*         0x080044ca        0x2 
 .text.lwip_netconn_do_write
                0x080044cc       0xe8 Middlewares\Third_Party\LwIP\src\api\api_msg.o
                0x080044cc                lwip_netconn_do_write
 .text.lwip_netconn_do_getaddr
                0x080045b4       0x98 Middlewares\Third_Party\LwIP\src\api\api_msg.o
                0x080045b4                lwip_netconn_do_getaddr
 .text.lwip_netconn_do_close
                0x0800464c       0xd4 Middlewares\Third_Party\LwIP\src\api\api_msg.o
                0x0800464c                lwip_netconn_do_close
 .text.lwip_netconn_do_gethostbyname
                0x08004720       0x34 Middlewares\Third_Party\LwIP\src\api\api_msg.o
                0x08004720                lwip_netconn_do_gethostbyname
 .text.netbuf_delete
                0x08004754       0x22 Middlewares\Third_Party\LwIP\src\api\netbuf.o
                0x08004754                netbuf_delete
 *fill*         0x08004776        0x2 
 .text.netbuf_data
                0x08004778       0x58 Middlewares\Third_Party\LwIP\src\api\netbuf.o
                0x08004778                netbuf_data
 .text.netbuf_next
                0x080047d0       0x38 Middlewares\Third_Party\LwIP\src\api\netbuf.o
                0x080047d0                netbuf_next
 .text.tcpip_thread
                0x08004808       0x94 Middlewares\Third_Party\LwIP\src\api\tcpip.o
 .text.tcpip_inpkt
                0x0800489c       0x58 Middlewares\Third_Party\LwIP\src\api\tcpip.o
                0x0800489c                tcpip_inpkt
 .text.tcpip_input
                0x080048f4       0x1c Middlewares\Third_Party\LwIP\src\api\tcpip.o
                0x080048f4                tcpip_input
 .text.tcpip_callback_with_block
                0x08004910       0x60 Middlewares\Third_Party\LwIP\src\api\tcpip.o
                0x08004910                tcpip_callback_with_block
 .text.tcpip_send_msg_wait_sem
                0x08004970       0x20 Middlewares\Third_Party\LwIP\src\api\tcpip.o
                0x08004970                tcpip_send_msg_wait_sem
 .text.tcpip_init
                0x08004990       0x80 Middlewares\Third_Party\LwIP\src\api\tcpip.o
                0x08004990                tcpip_init
 .text.lwip_htons
                0x08004a10        0x6 Middlewares\Third_Party\LwIP\src\core\def.o
                0x08004a10                lwip_htons
 .text.lwip_htonl
                0x08004a16        0x4 Middlewares\Third_Party\LwIP\src\core\def.o
                0x08004a16                lwip_htonl
 .text.lwip_strnicmp
                0x08004a1a       0x34 Middlewares\Third_Party\LwIP\src\core\def.o
                0x08004a1a                lwip_strnicmp
 *fill*         0x08004a4e        0x2 
 .text.dns_call_found
                0x08004a50       0x98 Middlewares\Third_Party\LwIP\src\core\dns.o
 .text.dns_send
                0x08004ae8      0x154 Middlewares\Third_Party\LwIP\src\core\dns.o
 .text.dns_check_entry
                0x08004c3c       0xf0 Middlewares\Third_Party\LwIP\src\core\dns.o
 .text.dns_recv
                0x08004d2c      0x278 Middlewares\Third_Party\LwIP\src\core\dns.o
 .text.dns_init
                0x08004fa4       0x28 Middlewares\Third_Party\LwIP\src\core\dns.o
                0x08004fa4                dns_init
 .text.dns_setserver
                0x08004fcc       0x20 Middlewares\Third_Party\LwIP\src\core\dns.o
                0x08004fcc                dns_setserver
 .text.dns_tmr  0x08004fec       0x1e Middlewares\Third_Party\LwIP\src\core\dns.o
                0x08004fec                dns_tmr
 *fill*         0x0800500a        0x2 
 .text.dns_gethostbyname_addrtype
                0x0800500c      0x25c Middlewares\Third_Party\LwIP\src\core\dns.o
                0x0800500c                dns_gethostbyname_addrtype
 .text.lwip_init
                0x08005268       0x26 Middlewares\Third_Party\LwIP\src\core\init.o
                0x08005268                lwip_init
 .text.dhcp_set_state
                0x0800528e       0x10 Middlewares\Third_Party\LwIP\src\core\ipv4\dhcp.o
 *fill*         0x0800529e        0x2 
 .text.dhcp_option_short
                0x080052a0       0x44 Middlewares\Third_Party\LwIP\src\core\ipv4\dhcp.o
 .text.dhcp_option
                0x080052e4       0x48 Middlewares\Third_Party\LwIP\src\core\ipv4\dhcp.o
 .text.dhcp_option_byte
                0x0800532c       0x38 Middlewares\Third_Party\LwIP\src\core\ipv4\dhcp.o
 .text.dhcp_option_long
                0x08005364       0x5c Middlewares\Third_Party\LwIP\src\core\ipv4\dhcp.o
 .text.dhcp_create_msg
                0x080053c0      0x1b8 Middlewares\Third_Party\LwIP\src\core\ipv4\dhcp.o
 .text.dhcp_check
                0x08005578       0x2a Middlewares\Third_Party\LwIP\src\core\ipv4\dhcp.o
 *fill*         0x080055a2        0x2 
 .text.dhcp_bind
                0x080055a4      0x100 Middlewares\Third_Party\LwIP\src\core\ipv4\dhcp.o
 .text.dhcp_inc_pcb_refcount
                0x080056a4       0x74 Middlewares\Third_Party\LwIP\src\core\ipv4\dhcp.o
 .text.dhcp_option_trailer
                0x08005718       0x78 Middlewares\Third_Party\LwIP\src\core\ipv4\dhcp.o
 .text.dhcp_delete_msg
                0x08005790       0x60 Middlewares\Third_Party\LwIP\src\core\ipv4\dhcp.o
 .text.dhcp_discover
                0x080057f0       0xc4 Middlewares\Third_Party\LwIP\src\core\ipv4\dhcp.o
 .text.dhcp_select
                0x080058b4       0xf0 Middlewares\Third_Party\LwIP\src\core\ipv4\dhcp.o
 .text.dhcp_reboot
                0x080059a4       0xdc Middlewares\Third_Party\LwIP\src\core\ipv4\dhcp.o
 .text.dhcp_dec_pcb_refcount
                0x08005a80       0x40 Middlewares\Third_Party\LwIP\src\core\ipv4\dhcp.o
 .text.unlikely.dhcp_handle_ack.isra.4
                0x08005ac0       0xa0 Middlewares\Third_Party\LwIP\src\core\ipv4\dhcp.o
 .text.dhcp_recv
                0x08005b60      0x4ac Middlewares\Third_Party\LwIP\src\core\ipv4\dhcp.o
 .text.dhcp_network_changed
                0x0800600c       0x2c Middlewares\Third_Party\LwIP\src\core\ipv4\dhcp.o
                0x0800600c                dhcp_network_changed
 .text.dhcp_arp_reply
                0x08006038       0xb0 Middlewares\Third_Party\LwIP\src\core\ipv4\dhcp.o
                0x08006038                dhcp_arp_reply
 .text.dhcp_renew
                0x080060e8       0xbc Middlewares\Third_Party\LwIP\src\core\ipv4\dhcp.o
                0x080060e8                dhcp_renew
 .text.dhcp_stop
                0x080061a4       0x54 Middlewares\Third_Party\LwIP\src\core\ipv4\dhcp.o
                0x080061a4                dhcp_stop
 .text.dhcp_start
                0x080061f8       0xbc Middlewares\Third_Party\LwIP\src\core\ipv4\dhcp.o
                0x080061f8                dhcp_start
 .text.dhcp_supplied_address
                0x080062b4       0x1c Middlewares\Third_Party\LwIP\src\core\ipv4\dhcp.o
                0x080062b4                dhcp_supplied_address
 .text.dhcp_release
                0x080062d0       0xac Middlewares\Third_Party\LwIP\src\core\ipv4\dhcp.o
                0x080062d0                dhcp_release
 .text.dhcp_coarse_tmr
                0x0800637c      0x15c Middlewares\Third_Party\LwIP\src\core\ipv4\dhcp.o
                0x0800637c                dhcp_coarse_tmr
 .text.dhcp_fine_tmr
                0x080064d8       0x7c Middlewares\Third_Party\LwIP\src\core\ipv4\dhcp.o
                0x080064d8                dhcp_fine_tmr
 .text.etharp_free_entry
                0x08006554       0x28 Middlewares\Third_Party\LwIP\src\core\ipv4\etharp.o
 .text.etharp_raw
                0x0800657c       0xd8 Middlewares\Third_Party\LwIP\src\core\ipv4\etharp.o
 .text.etharp_find_entry.isra.0
                0x08006654      0x114 Middlewares\Third_Party\LwIP\src\core\ipv4\etharp.o
 .text.etharp_cleanup_netif
                0x08006768       0x28 Middlewares\Third_Party\LwIP\src\core\ipv4\etharp.o
                0x08006768                etharp_cleanup_netif
 .text.etharp_input
                0x08006790      0x14c Middlewares\Third_Party\LwIP\src\core\ipv4\etharp.o
                0x08006790                etharp_input
 .text.etharp_request
                0x080068dc       0x2c Middlewares\Third_Party\LwIP\src\core\ipv4\etharp.o
                0x080068dc                etharp_request
 .text.etharp_tmr
                0x08006908       0x54 Middlewares\Third_Party\LwIP\src\core\ipv4\etharp.o
                0x08006908                etharp_tmr
 .text.etharp_output_to_arp_index
                0x0800695c       0xb8 Middlewares\Third_Party\LwIP\src\core\ipv4\etharp.o
 .text.etharp_query
                0x08006a14      0x150 Middlewares\Third_Party\LwIP\src\core\ipv4\etharp.o
                0x08006a14                etharp_query
 .text.etharp_output
                0x08006b64      0x128 Middlewares\Third_Party\LwIP\src\core\ipv4\etharp.o
                0x08006b64                etharp_output
 .text.icmp_send_response.isra.0
                0x08006c8c       0x94 Middlewares\Third_Party\LwIP\src\core\ipv4\icmp.o
 .text.icmp_input
                0x08006d20      0x130 Middlewares\Third_Party\LwIP\src\core\ipv4\icmp.o
                0x08006d20                icmp_input
 .text.icmp_dest_unreach
                0x08006e50        0xa Middlewares\Third_Party\LwIP\src\core\ipv4\icmp.o
                0x08006e50                icmp_dest_unreach
 .text.icmp_time_exceeded
                0x08006e5a        0xa Middlewares\Third_Party\LwIP\src\core\ipv4\icmp.o
                0x08006e5a                icmp_time_exceeded
 .text.ip4_route
                0x08006e64       0x58 Middlewares\Third_Party\LwIP\src\core\ipv4\ip4.o
                0x08006e64                ip4_route
 .text.ip4_input
                0x08006ebc      0x19c Middlewares\Third_Party\LwIP\src\core\ipv4\ip4.o
                0x08006ebc                ip4_input
 .text.ip4_output_if_src
                0x08007058       0xf0 Middlewares\Third_Party\LwIP\src\core\ipv4\ip4.o
                0x08007058                ip4_output_if_src
 .text.ip4_output_if
                0x08007148       0x22 Middlewares\Third_Party\LwIP\src\core\ipv4\ip4.o
                0x08007148                ip4_output_if
 .text.ip4_addr_isbroadcast_u32
                0x0800716a       0x32 Middlewares\Third_Party\LwIP\src\core\ipv4\ip4_addr.o
                0x0800716a                ip4_addr_isbroadcast_u32
 .text.ip4addr_aton
                0x0800719c      0x138 Middlewares\Third_Party\LwIP\src\core\ipv4\ip4_addr.o
                0x0800719c                ip4addr_aton
 .text.ip4addr_ntoa_r
                0x080072d4       0x92 Middlewares\Third_Party\LwIP\src\core\ipv4\ip4_addr.o
                0x080072d4                ip4addr_ntoa_r
 *fill*         0x08007366        0x2 
 .text.ip4addr_ntoa
                0x08007368        0xc Middlewares\Third_Party\LwIP\src\core\ipv4\ip4_addr.o
                0x08007368                ip4addr_ntoa
 .text.ip_reass_dequeue_datagram
                0x08007374       0x44 Middlewares\Third_Party\LwIP\src\core\ipv4\ip4_frag.o
 .text.ip_reass_free_complete_datagram
                0x080073b8       0xe8 Middlewares\Third_Party\LwIP\src\core\ipv4\ip4_frag.o
 .text.ip_reass_remove_oldest_datagram
                0x080074a0       0x78 Middlewares\Third_Party\LwIP\src\core\ipv4\ip4_frag.o
 .text.ip_frag_free_pbuf_custom_ref
                0x08007518       0x2c Middlewares\Third_Party\LwIP\src\core\ipv4\ip4_frag.o
 .text.ipfrag_free_pbuf_custom
                0x08007544       0x34 Middlewares\Third_Party\LwIP\src\core\ipv4\ip4_frag.o
 .text.ip_reass_tmr
                0x08007578       0x28 Middlewares\Third_Party\LwIP\src\core\ipv4\ip4_frag.o
                0x08007578                ip_reass_tmr
 .text.ip4_reass
                0x080075a0      0x354 Middlewares\Third_Party\LwIP\src\core\ipv4\ip4_frag.o
                0x080075a0                ip4_reass
 .text.ip4_frag
                0x080078f4      0x1b4 Middlewares\Third_Party\LwIP\src\core\ipv4\ip4_frag.o
                0x080078f4                ip4_frag
 .text.mem_init
                0x08007aa8       0x6c Middlewares\Third_Party\LwIP\src\core\mem.o
                0x08007aa8                mem_init
 .text.mem_free
                0x08007b14      0x170 Middlewares\Third_Party\LwIP\src\core\mem.o
                0x08007b14                mem_free
 .text.mem_trim
                0x08007c84      0x118 Middlewares\Third_Party\LwIP\src\core\mem.o
                0x08007c84                mem_trim
 .text.mem_malloc
                0x08007d9c      0x13c Middlewares\Third_Party\LwIP\src\core\mem.o
                0x08007d9c                mem_malloc
 .text.do_memp_malloc_pool.isra.0
                0x08007ed8       0x3c Middlewares\Third_Party\LwIP\src\core\memp.o
 .text.do_memp_free_pool.isra.1
                0x08007f14       0x38 Middlewares\Third_Party\LwIP\src\core\memp.o
 .text.memp_init_pool
                0x08007f4c       0x26 Middlewares\Third_Party\LwIP\src\core\memp.o
                0x08007f4c                memp_init_pool
 *fill*         0x08007f72        0x2 
 .text.memp_init
                0x08007f74       0x1c Middlewares\Third_Party\LwIP\src\core\memp.o
                0x08007f74                memp_init
 .text.memp_malloc
                0x08007f90       0x38 Middlewares\Third_Party\LwIP\src\core\memp.o
                0x08007f90                memp_malloc
 .text.memp_free
                0x08007fc8       0x34 Middlewares\Third_Party\LwIP\src\core\memp.o
                0x08007fc8                memp_free
 .text.netif_issue_reports.part.0
                0x08007ffc       0x12 Middlewares\Third_Party\LwIP\src\core\netif.o
 .text.netif_init
                0x0800800e        0x2 Middlewares\Third_Party\LwIP\src\core\netif.o
                0x0800800e                netif_init
 .text.netif_set_ipaddr
                0x08008010       0x44 Middlewares\Third_Party\LwIP\src\core\netif.o
                0x08008010                netif_set_ipaddr
 .text.netif_set_addr
                0x08008054       0x38 Middlewares\Third_Party\LwIP\src\core\netif.o
                0x08008054                netif_set_addr
 .text.netif_add
                0x0800808c       0x80 Middlewares\Third_Party\LwIP\src\core\netif.o
                0x0800808c                netif_add
 .text.netif_set_default
                0x0800810c        0xc Middlewares\Third_Party\LwIP\src\core\netif.o
                0x0800810c                netif_set_default
 .text.netif_set_up
                0x08008118       0x1e Middlewares\Third_Party\LwIP\src\core\netif.o
                0x08008118                netif_set_up
 .text.netif_set_down
                0x08008136       0x1a Middlewares\Third_Party\LwIP\src\core\netif.o
                0x08008136                netif_set_down
 .text.netif_set_link_up
                0x08008150       0x38 Middlewares\Third_Party\LwIP\src\core\netif.o
                0x08008150                netif_set_link_up
 .text.netif_set_link_down
                0x08008188       0x18 Middlewares\Third_Party\LwIP\src\core\netif.o
                0x08008188                netif_set_link_down
 .text.netif_set_link_callback
                0x080081a0        0x6 Middlewares\Third_Party\LwIP\src\core\netif.o
                0x080081a0                netif_set_link_callback
 .text.pbuf_skip_const
                0x080081a6       0x16 Middlewares\Third_Party\LwIP\src\core\pbuf.o
 .text.pbuf_free_ooseq_callback
                0x080081bc       0x34 Middlewares\Third_Party\LwIP\src\core\pbuf.o
 .text.pbuf_header_impl
                0x080081f0       0x9c Middlewares\Third_Party\LwIP\src\core\pbuf.o
 .text.pbuf_pool_is_empty
                0x0800828c       0x3c Middlewares\Third_Party\LwIP\src\core\pbuf.o
 .text.pbuf_alloced_custom
                0x080082c8       0x70 Middlewares\Third_Party\LwIP\src\core\pbuf.o
                0x080082c8                pbuf_alloced_custom
 .text.pbuf_header
                0x08008338        0x6 Middlewares\Third_Party\LwIP\src\core\pbuf.o
                0x08008338                pbuf_header
 .text.pbuf_header_force
                0x0800833e        0x6 Middlewares\Third_Party\LwIP\src\core\pbuf.o
                0x0800833e                pbuf_header_force
 .text.pbuf_free
                0x08008344       0xd4 Middlewares\Third_Party\LwIP\src\core\pbuf.o
                0x08008344                pbuf_free
 .text.pbuf_alloc
                0x08008418      0x1b8 Middlewares\Third_Party\LwIP\src\core\pbuf.o
                0x08008418                pbuf_alloc
 .text.pbuf_realloc
                0x080085d0       0xe0 Middlewares\Third_Party\LwIP\src\core\pbuf.o
                0x080085d0                pbuf_realloc
 .text.pbuf_clen
                0x080086b0       0x10 Middlewares\Third_Party\LwIP\src\core\pbuf.o
                0x080086b0                pbuf_clen
 .text.pbuf_ref
                0x080086c0       0x38 Middlewares\Third_Party\LwIP\src\core\pbuf.o
                0x080086c0                pbuf_ref
 .text.pbuf_cat
                0x080086f8       0x74 Middlewares\Third_Party\LwIP\src\core\pbuf.o
                0x080086f8                pbuf_cat
 .text.pbuf_chain
                0x0800876c       0x12 Middlewares\Third_Party\LwIP\src\core\pbuf.o
                0x0800876c                pbuf_chain
 *fill*         0x0800877e        0x2 
 .text.pbuf_copy
                0x08008780      0x114 Middlewares\Third_Party\LwIP\src\core\pbuf.o
                0x08008780                pbuf_copy
 .text.pbuf_copy_partial
                0x08008894       0x8c Middlewares\Third_Party\LwIP\src\core\pbuf.o
                0x08008894                pbuf_copy_partial
 .text.pbuf_take
                0x08008920       0xc4 Middlewares\Third_Party\LwIP\src\core\pbuf.o
                0x08008920                pbuf_take
 .text.pbuf_take_at
                0x080089e4       0x5e Middlewares\Third_Party\LwIP\src\core\pbuf.o
                0x080089e4                pbuf_take_at
 .text.pbuf_try_get_at
                0x08008a42       0x26 Middlewares\Third_Party\LwIP\src\core\pbuf.o
                0x08008a42                pbuf_try_get_at
 .text.pbuf_put_at
                0x08008a68       0x20 Middlewares\Third_Party\LwIP\src\core\pbuf.o
                0x08008a68                pbuf_put_at
 .text.tcp_new_port
                0x08008a88       0x50 Middlewares\Third_Party\LwIP\src\core\tcp.o
 .text.tcp_close_shutdown_fin
                0x08008ad8       0x60 Middlewares\Third_Party\LwIP\src\core\tcp.o
 .text.tcp_init
                0x08008b38        0x2 Middlewares\Third_Party\LwIP\src\core\tcp.o
                0x08008b38                tcp_init
 *fill*         0x08008b3a        0x2 
 .text.tcp_bind
                0x08008b3c       0x94 Middlewares\Third_Party\LwIP\src\core\tcp.o
                0x08008b3c                tcp_bind
 .text.tcp_listen_with_backlog_and_err
                0x08008bd0       0xb0 Middlewares\Third_Party\LwIP\src\core\tcp.o
                0x08008bd0                tcp_listen_with_backlog_and_err
 .text.tcp_update_rcv_ann_wnd
                0x08008c80       0x58 Middlewares\Third_Party\LwIP\src\core\tcp.o
                0x08008c80                tcp_update_rcv_ann_wnd
 .text.tcp_recved
                0x08008cd8       0x7c Middlewares\Third_Party\LwIP\src\core\tcp.o
                0x08008cd8                tcp_recved
 .text.tcp_seg_free
                0x08008d54       0x1c Middlewares\Third_Party\LwIP\src\core\tcp.o
                0x08008d54                tcp_seg_free
 .text.tcp_segs_free
                0x08008d70       0x10 Middlewares\Third_Party\LwIP\src\core\tcp.o
                0x08008d70                tcp_segs_free
 .text.tcp_seg_copy
                0x08008d80       0x2c Middlewares\Third_Party\LwIP\src\core\tcp.o
                0x08008d80                tcp_seg_copy
 .text.tcp_arg  0x08008dac        0x6 Middlewares\Third_Party\LwIP\src\core\tcp.o
                0x08008dac                tcp_arg
 *fill*         0x08008db2        0x2 
 .text.tcp_recv
                0x08008db4       0x30 Middlewares\Third_Party\LwIP\src\core\tcp.o
                0x08008db4                tcp_recv
 .text.tcp_sent
                0x08008de4       0x2c Middlewares\Third_Party\LwIP\src\core\tcp.o
                0x08008de4                tcp_sent
 .text.tcp_err  0x08008e10       0x30 Middlewares\Third_Party\LwIP\src\core\tcp.o
                0x08008e10                tcp_err
 .text.tcp_accept
                0x08008e40        0xc Middlewares\Third_Party\LwIP\src\core\tcp.o
                0x08008e40                tcp_accept
 .text.tcp_poll
                0x08008e4c       0x30 Middlewares\Third_Party\LwIP\src\core\tcp.o
                0x08008e4c                tcp_poll
 .text.tcp_pcb_purge
                0x08008e7c       0x40 Middlewares\Third_Party\LwIP\src\core\tcp.o
                0x08008e7c                tcp_pcb_purge
 .text.tcp_slowtmr
                0x08008ebc      0x3c4 Middlewares\Third_Party\LwIP\src\core\tcp.o
                0x08008ebc                tcp_slowtmr
 .text.tcp_pcb_remove
                0x08009280       0xa0 Middlewares\Third_Party\LwIP\src\core\tcp.o
                0x08009280                tcp_pcb_remove
 .text.tcp_close_shutdown
                0x08009320      0x14c Middlewares\Third_Party\LwIP\src\core\tcp.o
 .text.tcp_close
                0x0800946c       0x14 Middlewares\Third_Party\LwIP\src\core\tcp.o
                0x0800946c                tcp_close
 .text.tcp_recv_null
                0x08009480       0x24 Middlewares\Third_Party\LwIP\src\core\tcp.o
                0x08009480                tcp_recv_null
 .text.tcp_process_refused_data
                0x080094a4       0x66 Middlewares\Third_Party\LwIP\src\core\tcp.o
                0x080094a4                tcp_process_refused_data
 *fill*         0x0800950a        0x2 
 .text.tcp_fasttmr
                0x0800950c       0x80 Middlewares\Third_Party\LwIP\src\core\tcp.o
                0x0800950c                tcp_fasttmr
 .text.tcp_tmr  0x0800958c       0x24 Middlewares\Third_Party\LwIP\src\core\tcp.o
                0x0800958c                tcp_tmr
 .text.tcp_shutdown
                0x080095b0       0x4a Middlewares\Third_Party\LwIP\src\core\tcp.o
                0x080095b0                tcp_shutdown
 *fill*         0x080095fa        0x2 
 .text.tcp_abandon
                0x080095fc       0xec Middlewares\Third_Party\LwIP\src\core\tcp.o
                0x080095fc                tcp_abandon
 .text.tcp_abort
                0x080096e8        0x6 Middlewares\Third_Party\LwIP\src\core\tcp.o
                0x080096e8                tcp_abort
 .text.tcp_accept_null
                0x080096ee        0xe Middlewares\Third_Party\LwIP\src\core\tcp.o
 .text.tcp_netif_ip_addr_changed_pcblist
                0x080096fc       0x1c Middlewares\Third_Party\LwIP\src\core\tcp.o
 .text.tcp_kill_state
                0x08009718       0x60 Middlewares\Third_Party\LwIP\src\core\tcp.o
 .text.tcp_alloc
                0x08009778      0x110 Middlewares\Third_Party\LwIP\src\core\tcp.o
                0x08009778                tcp_alloc
 .text.tcp_new_ip_type
                0x08009888        0x6 Middlewares\Third_Party\LwIP\src\core\tcp.o
                0x08009888                tcp_new_ip_type
 *fill*         0x0800988e        0x2 
 .text.tcp_next_iss
                0x08009890       0x18 Middlewares\Third_Party\LwIP\src\core\tcp.o
                0x08009890                tcp_next_iss
 .text.tcp_eff_send_mss_impl
                0x080098a8       0x1e Middlewares\Third_Party\LwIP\src\core\tcp.o
                0x080098a8                tcp_eff_send_mss_impl
 *fill*         0x080098c6        0x2 
 .text.tcp_connect
                0x080098c8      0x100 Middlewares\Third_Party\LwIP\src\core\tcp.o
                0x080098c8                tcp_connect
 .text.tcp_netif_ip_addr_changed
                0x080099c8       0x4c Middlewares\Third_Party\LwIP\src\core\tcp.o
                0x080099c8                tcp_netif_ip_addr_changed
 .text.tcp_oos_insert_segment
                0x08009a14       0x7c Middlewares\Third_Party\LwIP\src\core\tcp_in.o
 .text.tcp_receive
                0x08009a90      0x998 Middlewares\Third_Party\LwIP\src\core\tcp_in.o
 .text.tcp_getoptbyte
                0x0800a428       0x40 Middlewares\Third_Party\LwIP\src\core\tcp_in.o
 .text.tcp_parseopt.isra.1.part.2
                0x0800a468       0x70 Middlewares\Third_Party\LwIP\src\core\tcp_in.o
 .text.tcp_input_delayed_close
                0x0800a4d8       0x40 Middlewares\Third_Party\LwIP\src\core\tcp_in.o
 .text.tcp_input
                0x0800a518      0x9fc Middlewares\Third_Party\LwIP\src\core\tcp_in.o
                0x0800a518                tcp_input
 .text.tcp_trigger_input_pcb_close
                0x0800af14       0x10 Middlewares\Third_Party\LwIP\src\core\tcp_in.o
                0x0800af14                tcp_trigger_input_pcb_close
 .text.tcp_pbuf_prealloc
                0x0800af24       0x74 Middlewares\Third_Party\LwIP\src\core\tcp_out.o
 .text.tcp_create_segment
                0x0800af98       0xd0 Middlewares\Third_Party\LwIP\src\core\tcp_out.o
 .text.tcp_output_alloc_header.constprop.0
                0x0800b068       0x78 Middlewares\Third_Party\LwIP\src\core\tcp_out.o
 .text.tcp_write
                0x0800b0e0      0x52c Middlewares\Third_Party\LwIP\src\core\tcp_out.o
                0x0800b0e0                tcp_write
 .text.tcp_enqueue_flags
                0x0800b60c      0x130 Middlewares\Third_Party\LwIP\src\core\tcp_out.o
                0x0800b60c                tcp_enqueue_flags
 .text.tcp_send_fin
                0x0800b73c       0x44 Middlewares\Third_Party\LwIP\src\core\tcp_out.o
                0x0800b73c                tcp_send_fin
 .text.tcp_send_empty_ack
                0x0800b780       0x6a Middlewares\Third_Party\LwIP\src\core\tcp_out.o
                0x0800b780                tcp_send_empty_ack
 *fill*         0x0800b7ea        0x2 
 .text.tcp_output
                0x0800b7ec      0x2fc Middlewares\Third_Party\LwIP\src\core\tcp_out.o
                0x0800b7ec                tcp_output
 .text.tcp_rst  0x0800bae8       0xb4 Middlewares\Third_Party\LwIP\src\core\tcp_out.o
                0x0800bae8                tcp_rst
 .text.tcp_rexmit_rto
                0x0800bb9c       0x38 Middlewares\Third_Party\LwIP\src\core\tcp_out.o
                0x0800bb9c                tcp_rexmit_rto
 .text.tcp_rexmit
                0x0800bbd4       0x52 Middlewares\Third_Party\LwIP\src\core\tcp_out.o
                0x0800bbd4                tcp_rexmit
 .text.tcp_rexmit_fast
                0x0800bc26       0x4e Middlewares\Third_Party\LwIP\src\core\tcp_out.o
                0x0800bc26                tcp_rexmit_fast
 .text.tcp_keepalive
                0x0800bc74       0x54 Middlewares\Third_Party\LwIP\src\core\tcp_out.o
                0x0800bc74                tcp_keepalive
 .text.tcp_zero_window_probe
                0x0800bcc8       0xc0 Middlewares\Third_Party\LwIP\src\core\tcp_out.o
                0x0800bcc8                tcp_zero_window_probe
 .text.sys_timeout
                0x0800bd88       0xa4 Middlewares\Third_Party\LwIP\src\core\timeouts.o
                0x0800bd88                sys_timeout
 .text.tcp_timer_needed
                0x0800be2c       0x34 Middlewares\Third_Party\LwIP\src\core\timeouts.o
                0x0800be2c                tcp_timer_needed
 .text.tcpip_tcp_timer
                0x0800be60       0x38 Middlewares\Third_Party\LwIP\src\core\timeouts.o
 .text.sys_timeouts_init
                0x0800be98       0x30 Middlewares\Third_Party\LwIP\src\core\timeouts.o
                0x0800be98                sys_timeouts_init
 .text.cyclic_timer
                0x0800bec8       0x1c Middlewares\Third_Party\LwIP\src\core\timeouts.o
 .text.sys_timeouts_mbox_fetch
                0x0800bee4       0xa4 Middlewares\Third_Party\LwIP\src\core\timeouts.o
                0x0800bee4                sys_timeouts_mbox_fetch
 .text.udp_init
                0x0800bf88        0x2 Middlewares\Third_Party\LwIP\src\core\udp.o
                0x0800bf88                udp_init
 *fill*         0x0800bf8a        0x2 
 .text.udp_input
                0x0800bf8c      0x130 Middlewares\Third_Party\LwIP\src\core\udp.o
                0x0800bf8c                udp_input
 .text.udp_bind
                0x0800c0bc       0xa8 Middlewares\Third_Party\LwIP\src\core\udp.o
                0x0800c0bc                udp_bind
 .text.udp_sendto_if_src
                0x0800c164       0xcc Middlewares\Third_Party\LwIP\src\core\udp.o
                0x0800c164                udp_sendto_if_src
 .text.udp_sendto_if
                0x0800c230       0x38 Middlewares\Third_Party\LwIP\src\core\udp.o
                0x0800c230                udp_sendto_if
 .text.udp_sendto
                0x0800c268       0x34 Middlewares\Third_Party\LwIP\src\core\udp.o
                0x0800c268                udp_sendto
 .text.udp_connect
                0x0800c29c       0x50 Middlewares\Third_Party\LwIP\src\core\udp.o
                0x0800c29c                udp_connect
 .text.udp_recv
                0x0800c2ec        0x6 Middlewares\Third_Party\LwIP\src\core\udp.o
                0x0800c2ec                udp_recv
 *fill*         0x0800c2f2        0x2 
 .text.udp_remove
                0x0800c2f4       0x30 Middlewares\Third_Party\LwIP\src\core\udp.o
                0x0800c2f4                udp_remove
 .text.udp_new  0x0800c324       0x1c Middlewares\Third_Party\LwIP\src\core\udp.o
                0x0800c324                udp_new
 .text.udp_new_ip_type
                0x0800c340        0x4 Middlewares\Third_Party\LwIP\src\core\udp.o
                0x0800c340                udp_new_ip_type
 .text.udp_netif_ip_addr_changed
                0x0800c344       0x2c Middlewares\Third_Party\LwIP\src\core\udp.o
                0x0800c344                udp_netif_ip_addr_changed
 .text.ethernet_input
                0x0800c370       0x98 Middlewares\Third_Party\LwIP\src\netif\ethernet.o
                0x0800c370                ethernet_input
 .text.ethernet_output
                0x0800c408       0x70 Middlewares\Third_Party\LwIP\src\netif\ethernet.o
                0x0800c408                ethernet_output
 .text.sys_mbox_new
                0x0800c478       0x20 Middlewares\Third_Party\LwIP\system\OS\sys_arch.o
                0x0800c478                sys_mbox_new
 .text.sys_mbox_free
                0x0800c498       0x14 Middlewares\Third_Party\LwIP\system\OS\sys_arch.o
                0x0800c498                sys_mbox_free
 .text.sys_mbox_post
                0x0800c4ac       0x18 Middlewares\Third_Party\LwIP\system\OS\sys_arch.o
                0x0800c4ac                sys_mbox_post
 .text.sys_mbox_trypost
                0x0800c4c4       0x14 Middlewares\Third_Party\LwIP\system\OS\sys_arch.o
                0x0800c4c4                sys_mbox_trypost
 .text.sys_arch_mbox_fetch
                0x0800c4d8       0x44 Middlewares\Third_Party\LwIP\system\OS\sys_arch.o
                0x0800c4d8                sys_arch_mbox_fetch
 .text.sys_arch_mbox_tryfetch
                0x0800c51c       0x22 Middlewares\Third_Party\LwIP\system\OS\sys_arch.o
                0x0800c51c                sys_arch_mbox_tryfetch
 .text.sys_mbox_valid
                0x0800c53e        0xa Middlewares\Third_Party\LwIP\system\OS\sys_arch.o
                0x0800c53e                sys_mbox_valid
 .text.sys_mbox_set_invalid
                0x0800c548        0x6 Middlewares\Third_Party\LwIP\system\OS\sys_arch.o
                0x0800c548                sys_mbox_set_invalid
 .text.sys_sem_new
                0x0800c54e       0x30 Middlewares\Third_Party\LwIP\system\OS\sys_arch.o
                0x0800c54e                sys_sem_new
 .text.sys_arch_sem_wait
                0x0800c57e       0x36 Middlewares\Third_Party\LwIP\system\OS\sys_arch.o
                0x0800c57e                sys_arch_sem_wait
 .text.sys_sem_signal
                0x0800c5b4        0x6 Middlewares\Third_Party\LwIP\system\OS\sys_arch.o
                0x0800c5b4                sys_sem_signal
 .text.sys_sem_free
                0x0800c5ba        0x6 Middlewares\Third_Party\LwIP\system\OS\sys_arch.o
                0x0800c5ba                sys_sem_free
 .text.sys_sem_valid
                0x0800c5c0        0xa Middlewares\Third_Party\LwIP\system\OS\sys_arch.o
                0x0800c5c0                sys_sem_valid
 .text.sys_sem_set_invalid
                0x0800c5ca        0x6 Middlewares\Third_Party\LwIP\system\OS\sys_arch.o
                0x0800c5ca                sys_sem_set_invalid
 .text.sys_init
                0x0800c5d0       0x18 Middlewares\Third_Party\LwIP\system\OS\sys_arch.o
                0x0800c5d0                sys_init
 .text.sys_mutex_new
                0x0800c5e8       0x1e Middlewares\Third_Party\LwIP\system\OS\sys_arch.o
                0x0800c5e8                sys_mutex_new
 .text.sys_mutex_lock
                0x0800c606        0xa Middlewares\Third_Party\LwIP\system\OS\sys_arch.o
                0x0800c606                sys_mutex_lock
 .text.sys_mutex_unlock
                0x0800c610        0x6 Middlewares\Third_Party\LwIP\system\OS\sys_arch.o
                0x0800c610                sys_mutex_unlock
 .text.sys_thread_new
                0x0800c616       0x20 Middlewares\Third_Party\LwIP\system\OS\sys_arch.o
                0x0800c616                sys_thread_new
 *fill*         0x0800c636        0x2 
 .text.sys_arch_protect
                0x0800c638       0x18 Middlewares\Third_Party\LwIP\system\OS\sys_arch.o
                0x0800c638                sys_arch_protect
 .text.sys_arch_unprotect
                0x0800c650        0xc Middlewares\Third_Party\LwIP\system\OS\sys_arch.o
                0x0800c650                sys_arch_unprotect
 .text.NVIC_GetPriorityGrouping
                0x0800c65c       0x10 Src\dma.o
 .text.NVIC_EncodePriority.constprop.0
                0x0800c66c       0x2e Src\dma.o
 *fill*         0x0800c69a        0x2 
 .text.MX_DMA_Init
                0x0800c69c      0x138 Src\dma.o
                0x0800c69c                MX_DMA_Init
 .text.low_level_output
                0x0800c7d4       0xa0 Src\ethernetif.o
 .text.ethernetif_input
                0x0800c874       0xec Src\ethernetif.o
                0x0800c874                ethernetif_input
 .text.HAL_ETH_MspInit
                0x0800c960       0xb8 Src\ethernetif.o
                0x0800c960                HAL_ETH_MspInit
 .text.HAL_ETH_RxCpltCallback
                0x0800ca18        0xc Src\ethernetif.o
                0x0800ca18                HAL_ETH_RxCpltCallback
 .text.ethernetif_init
                0x0800ca24      0x1e0 Src\ethernetif.o
                0x0800ca24                ethernetif_init
 .text.sys_now  0x0800cc04        0x4 Src\ethernetif.o
                0x0800cc04                sys_now
 .text.ethernetif_set_link
                0x0800cc08       0x48 Src\ethernetif.o
                0x0800cc08                ethernetif_set_link
 .text.ethernetif_update_config
                0x0800cc50       0xb0 Src\ethernetif.o
                0x0800cc50                ethernetif_update_config
 .text.StartDefaultTask
                0x0800cd00        0xe Src\freertos.o
                0x0800cd00                StartDefaultTask
 .text.configureTimerForRunTimeStats
                0x0800cd0e        0x2 Src\freertos.o
                0x0800cd0e                configureTimerForRunTimeStats
 .text.getRunTimeCounterValue
                0x0800cd10        0x4 Src\freertos.o
                0x0800cd10                getRunTimeCounterValue
 .text.MX_FREERTOS_Init
                0x0800cd14       0x28 Src\freertos.o
                0x0800cd14                MX_FREERTOS_Init
 .text.LL_AHB1_GRP1_EnableClock
                0x0800cd3c       0x1c Src\gpio.o
 .text.MX_GPIO_Init
                0x0800cd58       0x48 Src\gpio.o
                0x0800cd58                MX_GPIO_Init
 .text.MX_LWIP_Init
                0x0800cda0       0xcc Src\lwip.o
                0x0800cda0                MX_LWIP_Init
 .text.ethernetif_notify_conn_changed
                0x0800ce6c       0x1c Src\lwip.o
                0x0800ce6c                ethernetif_notify_conn_changed
 .text.SystemClock_Config
                0x0800ce88      0x108 Src\main.o
                0x0800ce88                SystemClock_Config
 .text.startup.main
                0x0800cf90       0x34 Src\main.o
                0x0800cf90                main
 .text.HAL_MspInit
                0x0800cfc4       0x60 Src\stm32f4xx_hal_msp.o
                0x0800cfc4                HAL_MspInit
 .text.NMI_Handler
                0x0800d024        0x2 Src\stm32f4xx_it.o
                0x0800d024                NMI_Handler
 .text.HardFault_Handler
                0x0800d026        0x2 Src\stm32f4xx_it.o
                0x0800d026                HardFault_Handler
 .text.MemManage_Handler
                0x0800d028        0x2 Src\stm32f4xx_it.o
                0x0800d028                MemManage_Handler
 .text.BusFault_Handler
                0x0800d02a        0x2 Src\stm32f4xx_it.o
                0x0800d02a                BusFault_Handler
 .text.UsageFault_Handler
                0x0800d02c        0x2 Src\stm32f4xx_it.o
                0x0800d02c                UsageFault_Handler
 .text.DebugMon_Handler
                0x0800d02e        0x2 Src\stm32f4xx_it.o
                0x0800d02e                DebugMon_Handler
 .text.SysTick_Handler
                0x0800d030        0xe Src\stm32f4xx_it.o
                0x0800d030                SysTick_Handler
 .text.DMA1_Stream0_IRQHandler
                0x0800d03e        0x2 Src\stm32f4xx_it.o
                0x0800d03e                DMA1_Stream0_IRQHandler
 .text.DMA1_Stream1_IRQHandler
                0x0800d040        0x2 Src\stm32f4xx_it.o
                0x0800d040                DMA1_Stream1_IRQHandler
 .text.DMA1_Stream2_IRQHandler
                0x0800d042        0x2 Src\stm32f4xx_it.o
                0x0800d042                DMA1_Stream2_IRQHandler
 .text.DMA1_Stream3_IRQHandler
                0x0800d044        0x2 Src\stm32f4xx_it.o
                0x0800d044                DMA1_Stream3_IRQHandler
 .text.DMA1_Stream4_IRQHandler
                0x0800d046        0x2 Src\stm32f4xx_it.o
                0x0800d046                DMA1_Stream4_IRQHandler
 .text.DMA1_Stream5_IRQHandler
                0x0800d048        0x2 Src\stm32f4xx_it.o
                0x0800d048                DMA1_Stream5_IRQHandler
 .text.DMA1_Stream6_IRQHandler
                0x0800d04a        0x2 Src\stm32f4xx_it.o
                0x0800d04a                DMA1_Stream6_IRQHandler
 .text.DMA1_Stream7_IRQHandler
                0x0800d04c        0x2 Src\stm32f4xx_it.o
                0x0800d04c                DMA1_Stream7_IRQHandler
 .text.DMA2_Stream1_IRQHandler
                0x0800d04e        0x2 Src\stm32f4xx_it.o
                0x0800d04e                DMA2_Stream1_IRQHandler
 .text.DMA2_Stream2_IRQHandler
                0x0800d050        0x2 Src\stm32f4xx_it.o
                0x0800d050                DMA2_Stream2_IRQHandler
 *fill*         0x0800d052        0x2 
 .text.ETH_IRQHandler
                0x0800d054        0xc Src\stm32f4xx_it.o
                0x0800d054                ETH_IRQHandler
 .text.DMA2_Stream6_IRQHandler
                0x0800d060        0x2 Src\stm32f4xx_it.o
                0x0800d060                DMA2_Stream6_IRQHandler
 .text.DMA2_Stream7_IRQHandler
                0x0800d062        0x2 Src\stm32f4xx_it.o
                0x0800d062                DMA2_Stream7_IRQHandler
 .text._sbrk    0x0800d064       0x40 Src\syscalls.o
                0x0800d064                _sbrk
 .text._write   0x0800d0a4       0x1c Src\syscalls.o
                0x0800d0a4                _write
 .text._close   0x0800d0c0        0x6 Src\syscalls.o
                0x0800d0c0                _close
 .text._fstat   0x0800d0c6        0xa Src\syscalls.o
                0x0800d0c6                _fstat
 .text._isatty  0x0800d0d0        0x4 Src\syscalls.o
                0x0800d0d0                _isatty
 .text._lseek   0x0800d0d4        0x4 Src\syscalls.o
                0x0800d0d4                _lseek
 .text._read    0x0800d0d8       0x1c Src\syscalls.o
                0x0800d0d8                _read
 .text.SystemInit
                0x0800d0f4       0x4c Src\system_stm32f4xx.o
                0x0800d0f4                SystemInit
 .text.LL_DMA_SetDataTransferDirection
                0x0800d140       0x14 Src\usart.o
 .text.LL_DMA_SetStreamPriorityLevel
                0x0800d154       0x14 Src\usart.o
 .text.LL_DMA_SetChannelSelection
                0x0800d168       0x14 Src\usart.o
 .text.LL_DMA_DisableFifoMode
                0x0800d17c       0x14 Src\usart.o
 .text.LL_APB1_GRP1_EnableClock
                0x0800d190       0x1c Src\usart.o
 .text.LL_USART_ConfigAsyncMode
                0x0800d1ac       0x12 Src\usart.o
 *fill*         0x0800d1be        0x2 
 .text.LL_DMA_SetMemorySize.constprop.0
                0x0800d1c0       0x14 Src\usart.o
 .text.LL_DMA_SetPeriphSize.constprop.1
                0x0800d1d4       0x14 Src\usart.o
 .text.LL_DMA_SetMemoryIncMode.constprop.2
                0x0800d1e8       0x14 Src\usart.o
 .text.LL_DMA_SetPeriphIncMode.constprop.3
                0x0800d1fc       0x14 Src\usart.o
 .text.LL_DMA_SetMode.constprop.4
                0x0800d210       0x14 Src\usart.o
 .text.MX_UART4_Init
                0x0800d224      0x130 Src\usart.o
                0x0800d224                MX_UART4_Init
 .text.MX_UART5_Init
                0x0800d354      0x134 Src\usart.o
                0x0800d354                MX_UART5_Init
 .text.MX_USART1_UART_Init
                0x0800d488      0x11c Src\usart.o
                0x0800d488                MX_USART1_UART_Init
 .text.MX_USART2_UART_Init
                0x0800d5a4      0x12c Src\usart.o
                0x0800d5a4                MX_USART2_UART_Init
 .text.MX_USART3_UART_Init
                0x0800d6d0      0x130 Src\usart.o
                0x0800d6d0                MX_USART3_UART_Init
 .text.MX_USART6_UART_Init
                0x0800d800      0x11c Src\usart.o
                0x0800d800                MX_USART6_UART_Init
 .text.task_server_socket
                0x0800d91c       0xd8 User\Src\eth_app.o
                0x0800d91c                task_server_socket
 .text.msg_send
                0x0800d9f4       0x24 User\Src\eth_app.o
                0x0800d9f4                msg_send
 .text.vtcp_client
                0x0800da18      0x184 User\Src\eth_app.o
                0x0800da18                vtcp_client
 .text.User_notification
                0x0800db9c       0x18 User\Src\eth_app.o
                0x0800db9c                User_notification
 .text.DHCP_thread
                0x0800dbb4      0x17c User\Src\eth_app.o
                0x0800dbb4                DHCP_thread
 .text.Reset_Handler
                0x0800dd30       0x50 startup\startup_stm32f407xx.o
                0x0800dd30                Reset_Handler
 .text.Default_Handler
                0x0800dd80        0x2 startup\startup_stm32f407xx.o
                0x0800dd80                RTC_Alarm_IRQHandler
                0x0800dd80                HASH_RNG_IRQHandler
                0x0800dd80                EXTI2_IRQHandler
                0x0800dd80                TIM8_CC_IRQHandler
                0x0800dd80                TIM1_CC_IRQHandler
                0x0800dd80                DMA2_Stream5_IRQHandler
                0x0800dd80                PVD_IRQHandler
                0x0800dd80                SDIO_IRQHandler
                0x0800dd80                TAMP_STAMP_IRQHandler
                0x0800dd80                CAN2_RX1_IRQHandler
                0x0800dd80                EXTI3_IRQHandler
                0x0800dd80                TIM8_TRG_COM_TIM14_IRQHandler
                0x0800dd80                TIM1_UP_TIM10_IRQHandler
                0x0800dd80                TIM8_UP_TIM13_IRQHandler
                0x0800dd80                I2C3_ER_IRQHandler
                0x0800dd80                EXTI0_IRQHandler
                0x0800dd80                I2C2_EV_IRQHandler
                0x0800dd80                CAN1_RX0_IRQHandler
                0x0800dd80                FPU_IRQHandler
                0x0800dd80                OTG_HS_WKUP_IRQHandler
                0x0800dd80                CAN2_SCE_IRQHandler
                0x0800dd80                SPI1_IRQHandler
                0x0800dd80                TIM6_DAC_IRQHandler
                0x0800dd80                TIM1_BRK_TIM9_IRQHandler
                0x0800dd80                DCMI_IRQHandler
                0x0800dd80                CAN2_RX0_IRQHandler
                0x0800dd80                DMA2_Stream3_IRQHandler
                0x0800dd80                USART6_IRQHandler
                0x0800dd80                USART3_IRQHandler
                0x0800dd80                CAN1_RX1_IRQHandler
                0x0800dd80                UART5_IRQHandler
                0x0800dd80                DMA2_Stream0_IRQHandler
                0x0800dd80                TIM4_IRQHandler
                0x0800dd80                I2C1_EV_IRQHandler
                0x0800dd80                UART4_IRQHandler
                0x0800dd80                TIM3_IRQHandler
                0x0800dd80                RCC_IRQHandler
                0x0800dd80                TIM8_BRK_TIM12_IRQHandler
                0x0800dd80                Default_Handler
                0x0800dd80                EXTI15_10_IRQHandler
                0x0800dd80                ADC_IRQHandler
                0x0800dd80                TIM7_IRQHandler
                0x0800dd80                CAN2_TX_IRQHandler
                0x0800dd80                TIM5_IRQHandler
                0x0800dd80                I2C3_EV_IRQHandler
                0x0800dd80                EXTI9_5_IRQHandler
                0x0800dd80                RTC_WKUP_IRQHandler
                0x0800dd80                ETH_WKUP_IRQHandler
                0x0800dd80                SPI2_IRQHandler
                0x0800dd80                OTG_HS_EP1_IN_IRQHandler
                0x0800dd80                CAN1_TX_IRQHandler
                0x0800dd80                EXTI4_IRQHandler
                0x0800dd80                FSMC_IRQHandler
                0x0800dd80                OTG_HS_EP1_OUT_IRQHandler
                0x0800dd80                WWDG_IRQHandler
                0x0800dd80                TIM2_IRQHandler
                0x0800dd80                OTG_FS_WKUP_IRQHandler
                0x0800dd80                TIM1_TRG_COM_TIM11_IRQHandler
                0x0800dd80                OTG_HS_IRQHandler
                0x0800dd80                EXTI1_IRQHandler
                0x0800dd80                USART2_IRQHandler
                0x0800dd80                I2C2_ER_IRQHandler
                0x0800dd80                CAN1_SCE_IRQHandler
                0x0800dd80                FLASH_IRQHandler
                0x0800dd80                DMA2_Stream4_IRQHandler
                0x0800dd80                USART1_IRQHandler
                0x0800dd80                OTG_FS_IRQHandler
                0x0800dd80                SPI3_IRQHandler
                0x0800dd80                I2C1_ER_IRQHandler
 .text.atoi     0x0800dd82        0x8 d:/truestudio for stm32 9.0.1/armtools/bin/../lib/gcc/arm-atollic-eabi/6.3.1/../../../../arm-atollic-eabi/lib/armv7e-m/fpu\libc_nano.a(lib_a-atoi.o)
                0x0800dd82                atoi
 *fill*         0x0800dd8a        0x2 
 .text.__libc_init_array
                0x0800dd8c       0x48 d:/truestudio for stm32 9.0.1/armtools/bin/../lib/gcc/arm-atollic-eabi/6.3.1/../../../../arm-atollic-eabi/lib/armv7e-m/fpu\libc_nano.a(lib_a-init.o)
                0x0800dd8c                __libc_init_array
 .text.__itoa   0x0800ddd4       0x30 d:/truestudio for stm32 9.0.1/armtools/bin/../lib/gcc/arm-atollic-eabi/6.3.1/../../../../arm-atollic-eabi/lib/armv7e-m/fpu\libc_nano.a(lib_a-itoa.o)
                0x0800ddd4                __itoa
 .text.itoa     0x0800de04        0x4 d:/truestudio for stm32 9.0.1/armtools/bin/../lib/gcc/arm-atollic-eabi/6.3.1/../../../../arm-atollic-eabi/lib/armv7e-m/fpu\libc_nano.a(lib_a-itoa.o)
                0x0800de04                itoa
 .text.memcmp   0x0800de08       0x1e d:/truestudio for stm32 9.0.1/armtools/bin/../lib/gcc/arm-atollic-eabi/6.3.1/../../../../arm-atollic-eabi/lib/armv7e-m/fpu\libc_nano.a(lib_a-memcmp.o)
                0x0800de08                memcmp
 .text.memcpy   0x0800de26       0x16 d:/truestudio for stm32 9.0.1/armtools/bin/../lib/gcc/arm-atollic-eabi/6.3.1/../../../../arm-atollic-eabi/lib/armv7e-m/fpu\libc_nano.a(lib_a-memcpy-stub.o)
                0x0800de26                memcpy
 .text.memset   0x0800de3c       0x10 d:/truestudio for stm32 9.0.1/armtools/bin/../lib/gcc/arm-atollic-eabi/6.3.1/../../../../arm-atollic-eabi/lib/armv7e-m/fpu\libc_nano.a(lib_a-memset.o)
                0x0800de3c                memset
 .text.printf   0x0800de4c       0x30 d:/truestudio for stm32 9.0.1/armtools/bin/../lib/gcc/arm-atollic-eabi/6.3.1/../../../../arm-atollic-eabi/lib/armv7e-m/fpu\libc_nano.a(lib_a-printf.o)
                0x0800de4c                iprintf
                0x0800de4c                printf
 .text.rand     0x0800de7c       0x74 d:/truestudio for stm32 9.0.1/armtools/bin/../lib/gcc/arm-atollic-eabi/6.3.1/../../../../arm-atollic-eabi/lib/armv7e-m/fpu\libc_nano.a(lib_a-rand.o)
                0x0800de7c                rand
 .text.strcpy   0x0800def0       0x10 d:/truestudio for stm32 9.0.1/armtools/bin/../lib/gcc/arm-atollic-eabi/6.3.1/../../../../arm-atollic-eabi/lib/armv7e-m/fpu\libc_nano.a(lib_a-strcpy.o)
                0x0800def0                strcpy
 .text._strtol_l.isra.0
                0x0800df00      0x100 d:/truestudio for stm32 9.0.1/armtools/bin/../lib/gcc/arm-atollic-eabi/6.3.1/../../../../arm-atollic-eabi/lib/armv7e-m/fpu\libc_nano.a(lib_a-strtol.o)
 .text.strtol   0x0800e000       0x2c d:/truestudio for stm32 9.0.1/armtools/bin/../lib/gcc/arm-atollic-eabi/6.3.1/../../../../arm-atollic-eabi/lib/armv7e-m/fpu\libc_nano.a(lib_a-strtol.o)
                0x0800e000                strtol
 .text.__utoa   0x0800e02c       0x80 d:/truestudio for stm32 9.0.1/armtools/bin/../lib/gcc/arm-atollic-eabi/6.3.1/../../../../arm-atollic-eabi/lib/armv7e-m/fpu\libc_nano.a(lib_a-utoa.o)
                0x0800e02c                __utoa
 .text._cleanup_r
                0x0800e0ac        0xc d:/truestudio for stm32 9.0.1/armtools/bin/../lib/gcc/arm-atollic-eabi/6.3.1/../../../../arm-atollic-eabi/lib/armv7e-m/fpu\libc_nano.a(lib_a-findfp.o)
                0x0800e0ac                _cleanup_r
 .text.std.isra.0
                0x0800e0b8       0x48 d:/truestudio for stm32 9.0.1/armtools/bin/../lib/gcc/arm-atollic-eabi/6.3.1/../../../../arm-atollic-eabi/lib/armv7e-m/fpu\libc_nano.a(lib_a-findfp.o)
 .text.__sfmoreglue
                0x0800e100       0x2c d:/truestudio for stm32 9.0.1/armtools/bin/../lib/gcc/arm-atollic-eabi/6.3.1/../../../../arm-atollic-eabi/lib/armv7e-m/fpu\libc_nano.a(lib_a-findfp.o)
                0x0800e100                __sfmoreglue
 .text.__sinit  0x0800e12c       0x60 d:/truestudio for stm32 9.0.1/armtools/bin/../lib/gcc/arm-atollic-eabi/6.3.1/../../../../arm-atollic-eabi/lib/armv7e-m/fpu\libc_nano.a(lib_a-findfp.o)
                0x0800e12c                __sinit
 .text.__sfp    0x0800e18c       0x78 d:/truestudio for stm32 9.0.1/armtools/bin/../lib/gcc/arm-atollic-eabi/6.3.1/../../../../arm-atollic-eabi/lib/armv7e-m/fpu\libc_nano.a(lib_a-findfp.o)
                0x0800e18c                __sfp
 .text._fwalk_reent
                0x0800e204       0x3c d:/truestudio for stm32 9.0.1/armtools/bin/../lib/gcc/arm-atollic-eabi/6.3.1/../../../../arm-atollic-eabi/lib/armv7e-m/fpu\libc_nano.a(lib_a-fwalk.o)
                0x0800e204                _fwalk_reent
 .text.__locale_ctype_ptr_l
                0x0800e240        0x6 d:/truestudio for stm32 9.0.1/armtools/bin/../lib/gcc/arm-atollic-eabi/6.3.1/../../../../arm-atollic-eabi/lib/armv7e-m/fpu\libc_nano.a(lib_a-locale.o)
                0x0800e240                __locale_ctype_ptr_l
 *fill*         0x0800e246        0x2 
 .text.malloc   0x0800e248       0x10 d:/truestudio for stm32 9.0.1/armtools/bin/../lib/gcc/arm-atollic-eabi/6.3.1/../../../../arm-atollic-eabi/lib/armv7e-m/fpu\libc_nano.a(lib_a-malloc.o)
                0x0800e248                malloc
 .text.__ascii_mbtowc
                0x0800e258       0x24 d:/truestudio for stm32 9.0.1/armtools/bin/../lib/gcc/arm-atollic-eabi/6.3.1/../../../../arm-atollic-eabi/lib/armv7e-m/fpu\libc_nano.a(lib_a-mbtowc_r.o)
                0x0800e258                __ascii_mbtowc
 .text._free_r  0x0800e27c       0x9c d:/truestudio for stm32 9.0.1/armtools/bin/../lib/gcc/arm-atollic-eabi/6.3.1/../../../../arm-atollic-eabi/lib/armv7e-m/fpu\libc_nano.a(lib_a-nano-freer.o)
                0x0800e27c                _free_r
 .text._malloc_r
                0x0800e318       0xbc d:/truestudio for stm32 9.0.1/armtools/bin/../lib/gcc/arm-atollic-eabi/6.3.1/../../../../arm-atollic-eabi/lib/armv7e-m/fpu\libc_nano.a(lib_a-nano-mallocr.o)
                0x0800e318                _malloc_r
 .text.__sfputc_r
                0x0800e3d4       0x30 d:/truestudio for stm32 9.0.1/armtools/bin/../lib/gcc/arm-atollic-eabi/6.3.1/../../../../arm-atollic-eabi/lib/armv7e-m/fpu\libc_nano.a(lib_a-nano-vfprintf.o)
 .text.__sfputs_r
                0x0800e404       0x24 d:/truestudio for stm32 9.0.1/armtools/bin/../lib/gcc/arm-atollic-eabi/6.3.1/../../../../arm-atollic-eabi/lib/armv7e-m/fpu\libc_nano.a(lib_a-nano-vfprintf.o)
                0x0800e404                __sfputs_r
 .text._vfprintf_r
                0x0800e428      0x22c d:/truestudio for stm32 9.0.1/armtools/bin/../lib/gcc/arm-atollic-eabi/6.3.1/../../../../arm-atollic-eabi/lib/armv7e-m/fpu\libc_nano.a(lib_a-nano-vfprintf.o)
                0x0800e428                _vfprintf_r
                0x0800e428                _vfiprintf_r
 .text._printf_common
                0x0800e654       0xec d:/truestudio for stm32 9.0.1/armtools/bin/../lib/gcc/arm-atollic-eabi/6.3.1/../../../../arm-atollic-eabi/lib/armv7e-m/fpu\libc_nano.a(lib_a-nano-vfprintf_i.o)
                0x0800e654                _printf_common
 .text._printf_i
                0x0800e740      0x240 d:/truestudio for stm32 9.0.1/armtools/bin/../lib/gcc/arm-atollic-eabi/6.3.1/../../../../arm-atollic-eabi/lib/armv7e-m/fpu\libc_nano.a(lib_a-nano-vfprintf_i.o)
                0x0800e740                _printf_i
 .text._sbrk_r  0x0800e980       0x20 d:/truestudio for stm32 9.0.1/armtools/bin/../lib/gcc/arm-atollic-eabi/6.3.1/../../../../arm-atollic-eabi/lib/armv7e-m/fpu\libc_nano.a(lib_a-sbrkr.o)
                0x0800e980                _sbrk_r
 .text.__sread  0x0800e9a0       0x22 d:/truestudio for stm32 9.0.1/armtools/bin/../lib/gcc/arm-atollic-eabi/6.3.1/../../../../arm-atollic-eabi/lib/armv7e-m/fpu\libc_nano.a(lib_a-stdio.o)
                0x0800e9a0                __sread
 .text.__swrite
                0x0800e9c2       0x38 d:/truestudio for stm32 9.0.1/armtools/bin/../lib/gcc/arm-atollic-eabi/6.3.1/../../../../arm-atollic-eabi/lib/armv7e-m/fpu\libc_nano.a(lib_a-stdio.o)
                0x0800e9c2                __swrite
 .text.__sseek  0x0800e9fa       0x24 d:/truestudio for stm32 9.0.1/armtools/bin/../lib/gcc/arm-atollic-eabi/6.3.1/../../../../arm-atollic-eabi/lib/armv7e-m/fpu\libc_nano.a(lib_a-stdio.o)
                0x0800e9fa                __sseek
 .text.__sclose
                0x0800ea1e        0x8 d:/truestudio for stm32 9.0.1/armtools/bin/../lib/gcc/arm-atollic-eabi/6.3.1/../../../../arm-atollic-eabi/lib/armv7e-m/fpu\libc_nano.a(lib_a-stdio.o)
                0x0800ea1e                __sclose
 *fill*         0x0800ea26        0x2 
 .text.__swbuf_r
                0x0800ea28       0xa4 d:/truestudio for stm32 9.0.1/armtools/bin/../lib/gcc/arm-atollic-eabi/6.3.1/../../../../arm-atollic-eabi/lib/armv7e-m/fpu\libc_nano.a(lib_a-wbuf.o)
                0x0800ea28                __swbuf_r
 .text.__ascii_wctomb
                0x0800eacc       0x1a d:/truestudio for stm32 9.0.1/armtools/bin/../lib/gcc/arm-atollic-eabi/6.3.1/../../../../arm-atollic-eabi/lib/armv7e-m/fpu\libc_nano.a(lib_a-wctomb_r.o)
                0x0800eacc                __ascii_wctomb
 *fill*         0x0800eae6        0x2 
 .text._write_r
                0x0800eae8       0x24 d:/truestudio for stm32 9.0.1/armtools/bin/../lib/gcc/arm-atollic-eabi/6.3.1/../../../../arm-atollic-eabi/lib/armv7e-m/fpu\libc_nano.a(lib_a-writer.o)
                0x0800eae8                _write_r
 .text.__swsetup_r
                0x0800eb0c       0xdc d:/truestudio for stm32 9.0.1/armtools/bin/../lib/gcc/arm-atollic-eabi/6.3.1/../../../../arm-atollic-eabi/lib/armv7e-m/fpu\libc_nano.a(lib_a-wsetup.o)
                0x0800eb0c                __swsetup_r
 .text._close_r
                0x0800ebe8       0x20 d:/truestudio for stm32 9.0.1/armtools/bin/../lib/gcc/arm-atollic-eabi/6.3.1/../../../../arm-atollic-eabi/lib/armv7e-m/fpu\libc_nano.a(lib_a-closer.o)
                0x0800ebe8                _close_r
 .text.__sflush_r
                0x0800ec08      0x110 d:/truestudio for stm32 9.0.1/armtools/bin/../lib/gcc/arm-atollic-eabi/6.3.1/../../../../arm-atollic-eabi/lib/armv7e-m/fpu\libc_nano.a(lib_a-fflush.o)
                0x0800ec08                __sflush_r
 .text._fflush_r