ethernetif.c:249:14:low_level_output	48	static
ethernetif.c:422:6:ethernetif_input	48	static
ethernetif.c:44:6:HAL_ETH_MspInit	56	static
ethernetif.c:90:6:HAL_ETH_MspDeInit	8	static
ethernetif.c:125:6:HAL_ETH_RxCpltCallback	0	static
ethernetif.c:479:7:ethernetif_init	72	static
ethernetif.c:526:7:sys_jiffies	0	static
ethernetif.c:537:7:sys_now	0	static
ethernetif.c:549:6:ethernetif_set_link	24	static
ethernetif.c:667:13:ethernetif_notify_conn_changed	0	static
ethernetif.c:589:6:ethernetif_update_config	24	static
