stm32f4xx_it.c:53:6:NMI_Handler	0	static
stm32f4xx_it.c:66:6:HardFault_Handler	0	static
stm32f4xx_it.c:84:6:MemManage_Handler	0	static
stm32f4xx_it.c:102:6:BusFault_Handler	0	static
stm32f4xx_it.c:120:6:UsageFault_Handler	0	static
stm32f4xx_it.c:138:6:DebugMon_Handler	0	static
stm32f4xx_it.c:151:6:SysTick_Handler	8	static
stm32f4xx_it.c:173:6:DMA1_Stream0_IRQHandler	0	static
stm32f4xx_it.c:187:6:DMA1_Stream1_IRQHandler	0	static
stm32f4xx_it.c:201:6:DMA1_Stream2_IRQHandler	0	static
stm32f4xx_it.c:215:6:DMA1_Stream3_IRQHandler	0	static
stm32f4xx_it.c:229:6:DMA1_Stream4_IRQHandler	0	static
stm32f4xx_it.c:243:6:DMA1_Stream5_IRQHandler	0	static
stm32f4xx_it.c:257:6:DMA1_Stream6_IRQHandler	0	static
stm32f4xx_it.c:271:6:DMA1_Stream7_IRQHandler	0	static
stm32f4xx_it.c:285:6:DMA2_Stream1_IRQHandler	0	static
stm32f4xx_it.c:299:6:DMA2_Stream2_IRQHandler	0	static
stm32f4xx_it.c:313:6:ETH_IRQHandler	0	static
stm32f4xx_it.c:327:6:DMA2_Stream6_IRQHandler	0	static
stm32f4xx_it.c:341:6:DMA2_Stream7_IRQHandler	0	static
