stm32f4xx_ll_dma.h:602:22:LL_DMA_SetDataTransferDirection	0	static
stm32f4xx_ll_dma.h:928:22:LL_DMA_SetStreamPriorityLevel	0	static
stm32f4xx_ll_dma.h:1026:22:LL_DMA_SetChannelSelection	0	static
stm32f4xx_ll_dma.h:1283:22:LL_DMA_DisableFifoMode	0	static
stm32f4xx_ll_bus.h:1203:22:LL_APB1_GRP1_EnableClock	8	static
stm32f4xx_ll_usart.h:1494:22:LL_USART_ConfigAsyncMode	0	static
stm32f4xx_ll_dma.h:835:22:LL_DMA_SetMemorySize.constprop	0	static
stm32f4xx_ll_dma.h:788:22:LL_DMA_SetPeriphSize.constprop	0	static
stm32f4xx_ll_dma.h:742:22:LL_DMA_SetMemoryIncMode.constprop	0	static
stm32f4xx_ll_dma.h:697:22:LL_DMA_SetPeriphIncMode.constprop	0	static
stm32f4xx_ll_dma.h:650:22:LL_DMA_SetMode.constprop	0	static
usart.c:61:6:MX_UART4_Init	80	static
usart.c:144:6:MX_UART5_Init	80	static
usart.c:228:6:MX_USART1_UART_Init	80	static
usart.c:304:6:MX_USART2_UART_Init	80	static
usart.c:388:6:MX_USART3_UART_Init	80	static
usart.c:472:6:MX_USART6_UART_Init	72	static
